[38;5;2m[i 0125 00:55:51.169854 04 compiler.py:956] Jittor(1.3.10.0) src: /root/.local/share/mamba/envs/nanojittor/lib/python3.8/site-packages/jittor[m
[38;5;2m[i 0125 00:55:51.178745 04 compiler.py:957] g++ at /usr/bin/g++(9.3.0)[m
[38;5;2m[i 0125 00:55:51.178796 04 compiler.py:958] cache_path: /root/.cache/jittor/jt1.3.10/g++9.3.0/py3.8.20/Linux-5.15.0-6x8b/IntelRXeonRPlax9b/90b2/default[m
[38;5;2m[i 0125 00:55:51.187398 04 __init__.py:412] Found /usr/local/cuda/bin/nvcc(11.4.120) at /usr/local/cuda/bin/nvcc.[m
[38;5;2m[i 0125 00:55:51.193240 04 __init__.py:412] Found addr2line(2.34) at /usr/bin/addr2line.[m
[38;5;2m[i 0125 00:55:51.363371 04 compiler.py:1013] cuda key:cu11.4.120_sm_86[m
[38;5;2m[i 0125 00:55:51.763124 04 __init__.py:227] Total mem: 503.53GB, using 16 procs for compiling.[m
[38;5;2m[i 0125 00:55:51.857345 04 jit_compiler.cc:28] Load cc_path: /usr/bin/g++[m
[38;5;2m[i 0125 00:55:52.029021 04 init.cc:63] Found cuda archs: [86,][m
[38;5;2m[i 0125 00:55:54.650319 04 cuda_flags.cc:55] CUDA enabled.[m
Cannot open configuration file /build-result/hpcx-v2.9.0-gcc-inbox-ubuntu20.04-x86_64/ompi/share/openmpi/mpicc-wrapper-data.txt
Error parsing data file mpicc: Not found
model size is  1.0x
init weights...
=> loading pretrained model shufflenetv2_1.0x from jittor models...
[ShuffleNetV2] loaded 275/282 pretrained params; skipped 7 (e.g. ['conv5.0.weight', 'conv5.1.weight', 'conv5.1.bias', 'conv5.1.running_mean', 'conv5.1.running_var'])
Finish initialize NanoDet-Plus Head.
Jittor Warmup (20 iterations)...
Jittor Benchmark (200 iterations)...

==================================================
Framework: Jittor
Avg inference time: 8.73 ± 0.38 ms
FPS: 114.5
Test images: 200
==================================================
