[NanoDet][01-24 23:15:37]INFO:Setting up data...
[NanoDet][01-24 23:15:37]INFO:Creating model...
INFO:NanoDet:Creating model...
GPU available: True (cuda), used: True
TPU available: False, using: 0 TPU cores
IPU available: False, using: 0 IPUs
HPU available: False, using: 0 HPUs
You are using a CUDA device ('NVIDIA GeForce RTX 3090') that has Tensor Cores. To properly utilize them, you should set `torch.set_float32_matmul_precision('medium' | 'high')` which will trade-off precision for performance. For more details, read https://pytorch.org/docs/stable/generated/torch.set_float32_matmul_precision.html#torch.set_float32_matmul_precision
LOCAL_RANK: 0 - CUDA_VISIBLE_DEVICES: [0]

  | Name      | Type        | Params
------------------------------------------
0 | model     | NanoDetPlus | 4.2 M 
1 | avg_model | NanoDetPlus | 4.2 M 
------------------------------------------
8.4 M     Trainable params
0         Non-trainable params
8.4 M     Total params
33.631    Total estimated model params size (MB)
[NanoDet][01-24 23:15:38]INFO:Weight Averaging is enabled
INFO:NanoDet:Weight Averaging is enabled
creating index...
index created!
creating index...
index created!
model size is  1.0x
init weights...
=> loading pretrained model https://download.pytorch.org/models/shufflenetv2_x1-5666bf0f80.pth
Finish initialize NanoDet-Plus Head.
/root/.local/share/mamba/envs/nanojittor/lib/python3.8/site-packages/pytorch_lightning/trainer/trainer.py:1609: PossibleUserWarning: The number of training batches (3) is smaller than the logging interval Trainer(log_every_n_steps=50). Set a lower value for log_every_n_steps if you want to see logs for the training epoch.
  rank_zero_warn(
/root/.local/share/mamba/envs/nanojittor/lib/python3.8/site-packages/torch/functional.py:504: UserWarning: torch.meshgrid: in an upcoming release, it will be required to pass the indexing argument. (Triggered internally at ../aten/src/ATen/native/TensorShape.cpp:3190.)
  return _VF.meshgrid(tensors, **kwargs)  # type: ignore[attr-defined]
[NanoDet][01-24 23:15:40]INFO:Train|Epoch1/20|Iter0(1/3)| mem:2.72G| lr:1.00e-03| loss_qfl:0.6572| loss_bbox:1.1428| loss_dfl:0.5223| aux_loss_qfl:0.6530| aux_loss_bbox:1.1061| aux_loss_dfl:0.5233| 
INFO:NanoDet:Train|Epoch1/20|Iter0(1/3)| mem:2.72G| lr:1.00e-03| loss_qfl:0.6572| loss_bbox:1.1428| loss_dfl:0.5223| aux_loss_qfl:0.6530| aux_loss_bbox:1.1061| aux_loss_dfl:0.5233| 
[NanoDet][01-24 23:15:41]INFO:Val|Epoch1/20|Iter3(1/4)| mem:1.98G| lr:1.00e-03| loss_qfl:0.6426| loss_bbox:1.2344| loss_dfl:0.5195| aux_loss_qfl:0.5860| aux_loss_bbox:1.0998| aux_loss_dfl:0.5214| 
INFO:NanoDet:Val|Epoch1/20|Iter3(1/4)| mem:1.98G| lr:1.00e-03| loss_qfl:0.6426| loss_bbox:1.2344| loss_dfl:0.5195| aux_loss_qfl:0.5860| aux_loss_bbox:1.0998| aux_loss_dfl:0.5214| 
/wanyuhao/keyunchao/project/NanoDet/nanodet-pytorch/nanodet/evaluator/coco_detection.py:79: UserWarning: Detection result is empty! Please check whether training set is too small (need to increase val_interval in config and train more epochs). Or check annotation correctness.
  warnings.warn(
[NanoDet][01-24 23:15:42]INFO:Saving model to workspace/nanodet-plus-m_320_voc/model_best/nanodet_model_best.pth
INFO:NanoDet:Saving model to workspace/nanodet-plus-m_320_voc/model_best/nanodet_model_best.pth
[NanoDet][01-24 23:15:42]INFO:Val_metrics: {'mAP': 0, 'AP_50': 0, 'AP_75': 0, 'AP_small': 0, 'AP_m': 0, 'AP_l': 0}
INFO:NanoDet:Val_metrics: {'mAP': 0, 'AP_50': 0, 'AP_75': 0, 'AP_small': 0, 'AP_m': 0, 'AP_l': 0}
[NanoDet][01-24 23:15:44]INFO:Val|Epoch2/20|Iter6(1/4)| mem:2G| lr:1.00e-03| loss_qfl:0.6403| loss_bbox:1.2711| loss_dfl:0.5193| aux_loss_qfl:0.5308| aux_loss_bbox:1.0973| aux_loss_dfl:0.5038| 
INFO:NanoDet:Val|Epoch2/20|Iter6(1/4)| mem:2G| lr:1.00e-03| loss_qfl:0.6403| loss_bbox:1.2711| loss_dfl:0.5193| aux_loss_qfl:0.5308| aux_loss_bbox:1.0973| aux_loss_dfl:0.5038| 
/wanyuhao/keyunchao/project/NanoDet/nanodet-pytorch/nanodet/trainer/task.py:183: UserWarning: Warning! Save_key is not in eval results! Only save model last!
  warnings.warn(
[NanoDet][01-24 23:15:44]INFO:Val_metrics: {'mAP': 0, 'AP_50': 0, 'AP_75': 0, 'AP_small': 0, 'AP_m': 0, 'AP_l': 0}
INFO:NanoDet:Val_metrics: {'mAP': 0, 'AP_50': 0, 'AP_75': 0, 'AP_small': 0, 'AP_m': 0, 'AP_l': 0}
[NanoDet][01-24 23:15:46]INFO:Val|Epoch3/20|Iter9(1/4)| mem:2G| lr:1.00e-03| loss_qfl:0.6694| loss_bbox:1.2492| loss_dfl:0.5192| aux_loss_qfl:0.5543| aux_loss_bbox:1.0770| aux_loss_dfl:0.4908| 
INFO:NanoDet:Val|Epoch3/20|Iter9(1/4)| mem:2G| lr:1.00e-03| loss_qfl:0.6694| loss_bbox:1.2492| loss_dfl:0.5192| aux_loss_qfl:0.5543| aux_loss_bbox:1.0770| aux_loss_dfl:0.4908| 
[NanoDet][01-24 23:15:46]INFO:Val_metrics: {'mAP': 0, 'AP_50': 0, 'AP_75': 0, 'AP_small': 0, 'AP_m': 0, 'AP_l': 0}
INFO:NanoDet:Val_metrics: {'mAP': 0, 'AP_50': 0, 'AP_75': 0, 'AP_small': 0, 'AP_m': 0, 'AP_l': 0}
[NanoDet][01-24 23:15:48]INFO:Val|Epoch4/20|Iter12(1/4)| mem:2G| lr:1.00e-03| loss_qfl:0.7590| loss_bbox:1.2322| loss_dfl:0.5191| aux_loss_qfl:0.5444| aux_loss_bbox:0.9681| aux_loss_dfl:0.4549| 
INFO:NanoDet:Val|Epoch4/20|Iter12(1/4)| mem:2G| lr:1.00e-03| loss_qfl:0.7590| loss_bbox:1.2322| loss_dfl:0.5191| aux_loss_qfl:0.5444| aux_loss_bbox:0.9681| aux_loss_dfl:0.4549| 
[NanoDet][01-24 23:15:48]INFO:Val_metrics: {'mAP': 0, 'AP_50': 0, 'AP_75': 0, 'AP_small': 0, 'AP_m': 0, 'AP_l': 0}
INFO:NanoDet:Val_metrics: {'mAP': 0, 'AP_50': 0, 'AP_75': 0, 'AP_small': 0, 'AP_m': 0, 'AP_l': 0}
[NanoDet][01-24 23:15:50]INFO:Val|Epoch5/20|Iter15(1/4)| mem:2G| lr:1.00e-03| loss_qfl:0.7382| loss_bbox:1.2109| loss_dfl:0.5193| aux_loss_qfl:0.5423| aux_loss_bbox:1.0167| aux_loss_dfl:0.4632| 
INFO:NanoDet:Val|Epoch5/20|Iter15(1/4)| mem:2G| lr:1.00e-03| loss_qfl:0.7382| loss_bbox:1.2109| loss_dfl:0.5193| aux_loss_qfl:0.5423| aux_loss_bbox:1.0167| aux_loss_dfl:0.4632| 
[NanoDet][01-24 23:15:50]INFO:Val_metrics: {'mAP': 0, 'AP_50': 0, 'AP_75': 0, 'AP_small': 0, 'AP_m': 0, 'AP_l': 0}
INFO:NanoDet:Val_metrics: {'mAP': 0, 'AP_50': 0, 'AP_75': 0, 'AP_small': 0, 'AP_m': 0, 'AP_l': 0}
[NanoDet][01-24 23:15:52]INFO:Val|Epoch6/20|Iter18(1/4)| mem:2G| lr:1.00e-03| loss_qfl:0.8114| loss_bbox:1.2307| loss_dfl:0.5194| aux_loss_qfl:0.5595| aux_loss_bbox:0.9197| aux_loss_dfl:0.4283| 
INFO:NanoDet:Val|Epoch6/20|Iter18(1/4)| mem:2G| lr:1.00e-03| loss_qfl:0.8114| loss_bbox:1.2307| loss_dfl:0.5194| aux_loss_qfl:0.5595| aux_loss_bbox:0.9197| aux_loss_dfl:0.4283| 
[NanoDet][01-24 23:15:53]INFO:Val_metrics: {'mAP': 0, 'AP_50': 0, 'AP_75': 0, 'AP_small': 0, 'AP_m': 0, 'AP_l': 0}
INFO:NanoDet:Val_metrics: {'mAP': 0, 'AP_50': 0, 'AP_75': 0, 'AP_small': 0, 'AP_m': 0, 'AP_l': 0}
[NanoDet][01-24 23:15:54]INFO:Val|Epoch7/20|Iter21(1/4)| mem:2G| lr:1.00e-03| loss_qfl:0.7549| loss_bbox:1.2931| loss_dfl:0.5196| aux_loss_qfl:0.5564| aux_loss_bbox:0.9768| aux_loss_dfl:0.4520| 
INFO:NanoDet:Val|Epoch7/20|Iter21(1/4)| mem:2G| lr:1.00e-03| loss_qfl:0.7549| loss_bbox:1.2931| loss_dfl:0.5196| aux_loss_qfl:0.5564| aux_loss_bbox:0.9768| aux_loss_dfl:0.4520| 
[NanoDet][01-24 23:15:55]INFO:Val_metrics: {'mAP': 0, 'AP_50': 0, 'AP_75': 0, 'AP_small': 0, 'AP_m': 0, 'AP_l': 0}
INFO:NanoDet:Val_metrics: {'mAP': 0, 'AP_50': 0, 'AP_75': 0, 'AP_small': 0, 'AP_m': 0, 'AP_l': 0}
[NanoDet][01-24 23:15:57]INFO:Val|Epoch8/20|Iter24(1/4)| mem:2G| lr:1.00e-03| loss_qfl:0.8466| loss_bbox:1.2517| loss_dfl:0.5199| aux_loss_qfl:0.5789| aux_loss_bbox:0.9231| aux_loss_dfl:0.4303| 
INFO:NanoDet:Val|Epoch8/20|Iter24(1/4)| mem:2G| lr:1.00e-03| loss_qfl:0.8466| loss_bbox:1.2517| loss_dfl:0.5199| aux_loss_qfl:0.5789| aux_loss_bbox:0.9231| aux_loss_dfl:0.4303| 
[NanoDet][01-24 23:15:57]INFO:Val_metrics: {'mAP': 0, 'AP_50': 0, 'AP_75': 0, 'AP_small': 0, 'AP_m': 0, 'AP_l': 0}
INFO:NanoDet:Val_metrics: {'mAP': 0, 'AP_50': 0, 'AP_75': 0, 'AP_small': 0, 'AP_m': 0, 'AP_l': 0}
[NanoDet][01-24 23:15:59]INFO:Val|Epoch9/20|Iter27(1/4)| mem:2G| lr:1.00e-03| loss_qfl:0.8409| loss_bbox:1.2883| loss_dfl:0.5199| aux_loss_qfl:0.6087| aux_loss_bbox:0.9135| aux_loss_dfl:0.4229| 
INFO:NanoDet:Val|Epoch9/20|Iter27(1/4)| mem:2G| lr:1.00e-03| loss_qfl:0.8409| loss_bbox:1.2883| loss_dfl:0.5199| aux_loss_qfl:0.6087| aux_loss_bbox:0.9135| aux_loss_dfl:0.4229| 
[NanoDet][01-24 23:15:59]INFO:Val_metrics: {'mAP': 0, 'AP_50': 0, 'AP_75': 0, 'AP_small': 0, 'AP_m': 0, 'AP_l': 0}
INFO:NanoDet:Val_metrics: {'mAP': 0, 'AP_50': 0, 'AP_75': 0, 'AP_small': 0, 'AP_m': 0, 'AP_l': 0}
[NanoDet][01-24 23:16:01]INFO:Val|Epoch10/20|Iter30(1/4)| mem:2G| lr:1.00e-03| loss_qfl:0.8670| loss_bbox:1.2952| loss_dfl:0.5198| aux_loss_qfl:0.5656| aux_loss_bbox:0.8646| aux_loss_dfl:0.4156| 
INFO:NanoDet:Val|Epoch10/20|Iter30(1/4)| mem:2G| lr:1.00e-03| loss_qfl:0.8670| loss_bbox:1.2952| loss_dfl:0.5198| aux_loss_qfl:0.5656| aux_loss_bbox:0.8646| aux_loss_dfl:0.4156| 
[NanoDet][01-24 23:16:01]INFO:Val_metrics: {'mAP': 0, 'AP_50': 0, 'AP_75': 0, 'AP_small': 0, 'AP_m': 0, 'AP_l': 0}
INFO:NanoDet:Val_metrics: {'mAP': 0, 'AP_50': 0, 'AP_75': 0, 'AP_small': 0, 'AP_m': 0, 'AP_l': 0}
[NanoDet][01-24 23:16:03]INFO:Val|Epoch11/20|Iter33(1/4)| mem:2G| lr:1.00e-03| loss_qfl:0.9108| loss_bbox:1.2721| loss_dfl:0.5191| aux_loss_qfl:0.5817| aux_loss_bbox:0.8373| aux_loss_dfl:0.4109| 
INFO:NanoDet:Val|Epoch11/20|Iter33(1/4)| mem:2G| lr:1.00e-03| loss_qfl:0.9108| loss_bbox:1.2721| loss_dfl:0.5191| aux_loss_qfl:0.5817| aux_loss_bbox:0.8373| aux_loss_dfl:0.4109| 
[NanoDet][01-24 23:16:03]INFO:Val_metrics: {'mAP': 0, 'AP_50': 0, 'AP_75': 0, 'AP_small': 0, 'AP_m': 0, 'AP_l': 0}
INFO:NanoDet:Val_metrics: {'mAP': 0, 'AP_50': 0, 'AP_75': 0, 'AP_small': 0, 'AP_m': 0, 'AP_l': 0}
[NanoDet][01-24 23:16:05]INFO:Val|Epoch12/20|Iter36(1/4)| mem:2G| lr:1.00e-03| loss_qfl:0.9340| loss_bbox:1.2776| loss_dfl:0.5175| aux_loss_qfl:0.5998| aux_loss_bbox:0.8467| aux_loss_dfl:0.4272| 
INFO:NanoDet:Val|Epoch12/20|Iter36(1/4)| mem:2G| lr:1.00e-03| loss_qfl:0.9340| loss_bbox:1.2776| loss_dfl:0.5175| aux_loss_qfl:0.5998| aux_loss_bbox:0.8467| aux_loss_dfl:0.4272| 
[NanoDet][01-24 23:16:06]INFO:Val_metrics: {'mAP': 0, 'AP_50': 0, 'AP_75': 0, 'AP_small': 0, 'AP_m': 0, 'AP_l': 0}
INFO:NanoDet:Val_metrics: {'mAP': 0, 'AP_50': 0, 'AP_75': 0, 'AP_small': 0, 'AP_m': 0, 'AP_l': 0}
[NanoDet][01-24 23:16:07]INFO:Val|Epoch13/20|Iter39(1/4)| mem:2G| lr:1.00e-03| loss_qfl:0.9197| loss_bbox:1.2635| loss_dfl:0.5131| aux_loss_qfl:0.5889| aux_loss_bbox:0.8245| aux_loss_dfl:0.4188| 
INFO:NanoDet:Val|Epoch13/20|Iter39(1/4)| mem:2G| lr:1.00e-03| loss_qfl:0.9197| loss_bbox:1.2635| loss_dfl:0.5131| aux_loss_qfl:0.5889| aux_loss_bbox:0.8245| aux_loss_dfl:0.4188| 
[NanoDet][01-24 23:16:08]INFO:Val_metrics: {'mAP': 0, 'AP_50': 0, 'AP_75': 0, 'AP_small': 0, 'AP_m': 0, 'AP_l': 0}
INFO:NanoDet:Val_metrics: {'mAP': 0, 'AP_50': 0, 'AP_75': 0, 'AP_small': 0, 'AP_m': 0, 'AP_l': 0}
[NanoDet][01-24 23:16:09]INFO:Val|Epoch14/20|Iter42(1/4)| mem:2G| lr:1.00e-03| loss_qfl:0.8973| loss_bbox:1.2605| loss_dfl:0.5062| aux_loss_qfl:0.5709| aux_loss_bbox:0.8232| aux_loss_dfl:0.4204| 
INFO:NanoDet:Val|Epoch14/20|Iter42(1/4)| mem:2G| lr:1.00e-03| loss_qfl:0.8973| loss_bbox:1.2605| loss_dfl:0.5062| aux_loss_qfl:0.5709| aux_loss_bbox:0.8232| aux_loss_dfl:0.4204| 
[NanoDet][01-24 23:16:10]INFO:Val_metrics: {'mAP': 0, 'AP_50': 0, 'AP_75': 0, 'AP_small': 0, 'AP_m': 0, 'AP_l': 0}
INFO:NanoDet:Val_metrics: {'mAP': 0, 'AP_50': 0, 'AP_75': 0, 'AP_small': 0, 'AP_m': 0, 'AP_l': 0}
[NanoDet][01-24 23:16:11]INFO:Val|Epoch15/20|Iter45(1/4)| mem:2G| lr:1.00e-03| loss_qfl:0.8662| loss_bbox:1.2336| loss_dfl:0.4976| aux_loss_qfl:0.5871| aux_loss_bbox:0.8178| aux_loss_dfl:0.4169| 
INFO:NanoDet:Val|Epoch15/20|Iter45(1/4)| mem:2G| lr:1.00e-03| loss_qfl:0.8662| loss_bbox:1.2336| loss_dfl:0.4976| aux_loss_qfl:0.5871| aux_loss_bbox:0.8178| aux_loss_dfl:0.4169| 
[NanoDet][01-24 23:16:12]INFO:Val_metrics: {'mAP': 0, 'AP_50': 0, 'AP_75': 0, 'AP_small': 0, 'AP_m': 0, 'AP_l': 0}
INFO:NanoDet:Val_metrics: {'mAP': 0, 'AP_50': 0, 'AP_75': 0, 'AP_small': 0, 'AP_m': 0, 'AP_l': 0}
[NanoDet][01-24 23:16:14]INFO:Val|Epoch16/20|Iter48(1/4)| mem:2G| lr:1.00e-03| loss_qfl:0.8030| loss_bbox:1.1724| loss_dfl:0.4843| aux_loss_qfl:0.5696| aux_loss_bbox:0.8334| aux_loss_dfl:0.4156| 
INFO:NanoDet:Val|Epoch16/20|Iter48(1/4)| mem:2G| lr:1.00e-03| loss_qfl:0.8030| loss_bbox:1.1724| loss_dfl:0.4843| aux_loss_qfl:0.5696| aux_loss_bbox:0.8334| aux_loss_dfl:0.4156| 
[NanoDet][01-24 23:16:14]INFO:
 Average Precision  (AP) @[ IoU=0.50:0.95 | area=   all | maxDets=100 ] = 0.001
 Average Precision  (AP) @[ IoU=0.50      | area=   all | maxDets=100 ] = 0.006
 Average Precision  (AP) @[ IoU=0.75      | area=   all | maxDets=100 ] = 0.000
 Average Precision  (AP) @[ IoU=0.50:0.95 | area= small | maxDets=100 ] = 0.000
 Average Precision  (AP) @[ IoU=0.50:0.95 | area=medium | maxDets=100 ] = 0.000
 Average Precision  (AP) @[ IoU=0.50:0.95 | area= large | maxDets=100 ] = 0.001
 Average Recall     (AR) @[ IoU=0.50:0.95 | area=   all | maxDets=  1 ] = 0.001
 Average Recall     (AR) @[ IoU=0.50:0.95 | area=   all | maxDets= 10 ] = 0.001
 Average Recall     (AR) @[ IoU=0.50:0.95 | area=   all | maxDets=100 ] = 0.001
 Average Recall     (AR) @[ IoU=0.50:0.95 | area= small | maxDets=100 ] = 0.000
 Average Recall     (AR) @[ IoU=0.50:0.95 | area=medium | maxDets=100 ] = 0.000
 Average Recall     (AR) @[ IoU=0.50:0.95 | area= large | maxDets=100 ] = 0.001

INFO:NanoDet:
 Average Precision  (AP) @[ IoU=0.50:0.95 | area=   all | maxDets=100 ] = 0.001
 Average Precision  (AP) @[ IoU=0.50      | area=   all | maxDets=100 ] = 0.006
 Average Precision  (AP) @[ IoU=0.75      | area=   all | maxDets=100 ] = 0.000
 Average Precision  (AP) @[ IoU=0.50:0.95 | area= small | maxDets=100 ] = 0.000
 Average Precision  (AP) @[ IoU=0.50:0.95 | area=medium | maxDets=100 ] = 0.000
 Average Precision  (AP) @[ IoU=0.50:0.95 | area= large | maxDets=100 ] = 0.001
 Average Recall     (AR) @[ IoU=0.50:0.95 | area=   all | maxDets=  1 ] = 0.001
 Average Recall     (AR) @[ IoU=0.50:0.95 | area=   all | maxDets= 10 ] = 0.001
 Average Recall     (AR) @[ IoU=0.50:0.95 | area=   all | maxDets=100 ] = 0.001
 Average Recall     (AR) @[ IoU=0.50:0.95 | area= small | maxDets=100 ] = 0.000
 Average Recall     (AR) @[ IoU=0.50:0.95 | area=medium | maxDets=100 ] = 0.000
 Average Recall     (AR) @[ IoU=0.50:0.95 | area= large | maxDets=100 ] = 0.001

[NanoDet][01-24 23:16:14]INFO:
| class       | AP50   | mAP   | class       | AP50   | mAP   |
|:------------|:-------|:------|:------------|:-------|:------|
| aeroplane   | 0.0    | 0.0   | bicycle     | 0.0    | 0.0   |
| bird        | 0.0    | 0.0   | boat        | 0.0    | 0.0   |
| bottle      | nan    | nan   | bus         | 0.0    | 0.0   |
| car         | 0.0    | 0.0   | cat         | 0.0    | 0.0   |
| chair       | 0.0    | 0.0   | cow         | 0.0    | 0.0   |
| diningtable | 0.0    | 0.0   | dog         | 11.9   | 1.2   |
| horse       | 0.0    | 0.0   | motorbike   | 0.0    | 0.0   |
| person      | 0.0    | 0.0   | pottedplant | 0.0    | 0.0   |
| sheep       | 0.0    | 0.0   | sofa        | 0.0    | 0.0   |
| train       | 0.0    | 0.0   | tvmonitor   | 0.0    | 0.0   |
INFO:NanoDet:
| class       | AP50   | mAP   | class       | AP50   | mAP   |
|:------------|:-------|:------|:------------|:-------|:------|
| aeroplane   | 0.0    | 0.0   | bicycle     | 0.0    | 0.0   |
| bird        | 0.0    | 0.0   | boat        | 0.0    | 0.0   |
| bottle      | nan    | nan   | bus         | 0.0    | 0.0   |
| car         | 0.0    | 0.0   | cat         | 0.0    | 0.0   |
| chair       | 0.0    | 0.0   | cow         | 0.0    | 0.0   |
| diningtable | 0.0    | 0.0   | dog         | 11.9   | 1.2   |
| horse       | 0.0    | 0.0   | motorbike   | 0.0    | 0.0   |
| person      | 0.0    | 0.0   | pottedplant | 0.0    | 0.0   |
| sheep       | 0.0    | 0.0   | sofa        | 0.0    | 0.0   |
| train       | 0.0    | 0.0   | tvmonitor   | 0.0    | 0.0   |
[NanoDet][01-24 23:16:14]INFO:Saving model to workspace/nanodet-plus-m_320_voc/model_best/nanodet_model_best.pth
INFO:NanoDet:Saving model to workspace/nanodet-plus-m_320_voc/model_best/nanodet_model_best.pth
[NanoDet][01-24 23:16:14]INFO:Val_metrics: {'mAP': 0.0006253256904637831, 'AP_50': 0.00625325690463783, 'AP_75': 0.0, 'AP_small': 0.0, 'AP_m': 0.0, 'AP_l': 0.0008858780614903593}
INFO:NanoDet:Val_metrics: {'mAP': 0.0006253256904637831, 'AP_50': 0.00625325690463783, 'AP_75': 0.0, 'AP_small': 0.0, 'AP_m': 0.0, 'AP_l': 0.0008858780614903593}
Loading and preparing results...
DONE (t=0.00s)
creating index...
index created!
Running per image evaluation...
Evaluate annotation type *bbox*
DONE (t=0.01s).
Accumulating evaluation results...
DONE (t=0.03s).
[NanoDet][01-24 23:16:16]INFO:Train|Epoch17/20|Iter50(3/3)| mem:2G| lr:1.00e-03| loss_qfl:0.2572| loss_bbox:0.5207| loss_dfl:0.3023| aux_loss_qfl:0.5822| aux_loss_bbox:0.4679| aux_loss_dfl:0.2496| 
INFO:NanoDet:Train|Epoch17/20|Iter50(3/3)| mem:2G| lr:1.00e-03| loss_qfl:0.2572| loss_bbox:0.5207| loss_dfl:0.3023| aux_loss_qfl:0.5822| aux_loss_bbox:0.4679| aux_loss_dfl:0.2496| 
[NanoDet][01-24 23:16:16]INFO:Val|Epoch17/20|Iter51(1/4)| mem:2G| lr:1.00e-03| loss_qfl:0.7831| loss_bbox:1.1338| loss_dfl:0.4742| aux_loss_qfl:0.5774| aux_loss_bbox:0.7979| aux_loss_dfl:0.4011| 
INFO:NanoDet:Val|Epoch17/20|Iter51(1/4)| mem:2G| lr:1.00e-03| loss_qfl:0.7831| loss_bbox:1.1338| loss_dfl:0.4742| aux_loss_qfl:0.5774| aux_loss_bbox:0.7979| aux_loss_dfl:0.4011| 
[NanoDet][01-24 23:16:16]INFO:
 Average Precision  (AP) @[ IoU=0.50:0.95 | area=   all | maxDets=100 ] = 0.002
 Average Precision  (AP) @[ IoU=0.50      | area=   all | maxDets=100 ] = 0.011
 Average Precision  (AP) @[ IoU=0.75      | area=   all | maxDets=100 ] = 0.000
 Average Precision  (AP) @[ IoU=0.50:0.95 | area= small | maxDets=100 ] = 0.000
 Average Precision  (AP) @[ IoU=0.50:0.95 | area=medium | maxDets=100 ] = 0.000
 Average Precision  (AP) @[ IoU=0.50:0.95 | area= large | maxDets=100 ] = 0.003
 Average Recall     (AR) @[ IoU=0.50:0.95 | area=   all | maxDets=  1 ] = 0.002
 Average Recall     (AR) @[ IoU=0.50:0.95 | area=   all | maxDets= 10 ] = 0.002
 Average Recall     (AR) @[ IoU=0.50:0.95 | area=   all | maxDets=100 ] = 0.002
 Average Recall     (AR) @[ IoU=0.50:0.95 | area= small | maxDets=100 ] = 0.000
 Average Recall     (AR) @[ IoU=0.50:0.95 | area=medium | maxDets=100 ] = 0.000
 Average Recall     (AR) @[ IoU=0.50:0.95 | area= large | maxDets=100 ] = 0.004

INFO:NanoDet:
 Average Precision  (AP) @[ IoU=0.50:0.95 | area=   all | maxDets=100 ] = 0.002
 Average Precision  (AP) @[ IoU=0.50      | area=   all | maxDets=100 ] = 0.011
 Average Precision  (AP) @[ IoU=0.75      | area=   all | maxDets=100 ] = 0.000
 Average Precision  (AP) @[ IoU=0.50:0.95 | area= small | maxDets=100 ] = 0.000
 Average Precision  (AP) @[ IoU=0.50:0.95 | area=medium | maxDets=100 ] = 0.000
 Average Precision  (AP) @[ IoU=0.50:0.95 | area= large | maxDets=100 ] = 0.003
 Average Recall     (AR) @[ IoU=0.50:0.95 | area=   all | maxDets=  1 ] = 0.002
 Average Recall     (AR) @[ IoU=0.50:0.95 | area=   all | maxDets= 10 ] = 0.002
 Average Recall     (AR) @[ IoU=0.50:0.95 | area=   all | maxDets=100 ] = 0.002
 Average Recall     (AR) @[ IoU=0.50:0.95 | area= small | maxDets=100 ] = 0.000
 Average Recall     (AR) @[ IoU=0.50:0.95 | area=medium | maxDets=100 ] = 0.000
 Average Recall     (AR) @[ IoU=0.50:0.95 | area= large | maxDets=100 ] = 0.004

[NanoDet][01-24 23:16:16]INFO:
| class       | AP50   | mAP   | class       | AP50   | mAP   |
|:------------|:-------|:------|:------------|:-------|:------|
| aeroplane   | 0.0    | 0.0   | bicycle     | 0.0    | 0.0   |
| bird        | 0.0    | 0.0   | boat        | 0.0    | 0.0   |
| bottle      | nan    | nan   | bus         | 0.0    | 0.0   |
| car         | 7.9    | 1.6   | cat         | 0.0    | 0.0   |
| chair       | 0.0    | 0.0   | cow         | 0.0    | 0.0   |
| diningtable | 0.0    | 0.0   | dog         | 11.9   | 1.2   |
| horse       | 0.0    | 0.0   | motorbike   | 0.0    | 0.0   |
| person      | 0.6    | 0.3   | pottedplant | 0.0    | 0.0   |
| sheep       | 0.0    | 0.0   | sofa        | 0.0    | 0.0   |
| train       | 0.0    | 0.0   | tvmonitor   | 0.0    | 0.0   |
INFO:NanoDet:
| class       | AP50   | mAP   | class       | AP50   | mAP   |
|:------------|:-------|:------|:------------|:-------|:------|
| aeroplane   | 0.0    | 0.0   | bicycle     | 0.0    | 0.0   |
| bird        | 0.0    | 0.0   | boat        | 0.0    | 0.0   |
| bottle      | nan    | nan   | bus         | 0.0    | 0.0   |
| car         | 7.9    | 1.6   | cat         | 0.0    | 0.0   |
| chair       | 0.0    | 0.0   | cow         | 0.0    | 0.0   |
| diningtable | 0.0    | 0.0   | dog         | 11.9   | 1.2   |
| horse       | 0.0    | 0.0   | motorbike   | 0.0    | 0.0   |
| person      | 0.6    | 0.3   | pottedplant | 0.0    | 0.0   |
| sheep       | 0.0    | 0.0   | sofa        | 0.0    | 0.0   |
| train       | 0.0    | 0.0   | tvmonitor   | 0.0    | 0.0   |
[NanoDet][01-24 23:16:17]INFO:Saving model to workspace/nanodet-plus-m_320_voc/model_best/nanodet_model_best.pth
INFO:NanoDet:Saving model to workspace/nanodet-plus-m_320_voc/model_best/nanodet_model_best.pth
[NanoDet][01-24 23:16:17]INFO:Val_metrics: {'mAP': 0.001615424700364773, 'AP_50': 0.010734757686294942, 'AP_75': 0.0, 'AP_small': 0.0, 'AP_m': 0.0, 'AP_l': 0.0033350703491401763}
INFO:NanoDet:Val_metrics: {'mAP': 0.001615424700364773, 'AP_50': 0.010734757686294942, 'AP_75': 0.0, 'AP_small': 0.0, 'AP_m': 0.0, 'AP_l': 0.0033350703491401763}
Loading and preparing results...
DONE (t=0.00s)
creating index...
index created!
Running per image evaluation...
Evaluate annotation type *bbox*
DONE (t=0.01s).
Accumulating evaluation results...
DONE (t=0.03s).
[NanoDet][01-24 23:16:18]INFO:Val|Epoch18/20|Iter54(1/4)| mem:2G| lr:1.00e-03| loss_qfl:0.7105| loss_bbox:1.1172| loss_dfl:0.4610| aux_loss_qfl:0.5559| aux_loss_bbox:0.8465| aux_loss_dfl:0.4157| 
INFO:NanoDet:Val|Epoch18/20|Iter54(1/4)| mem:2G| lr:1.00e-03| loss_qfl:0.7105| loss_bbox:1.1172| loss_dfl:0.4610| aux_loss_qfl:0.5559| aux_loss_bbox:0.8465| aux_loss_dfl:0.4157| 
[NanoDet][01-24 23:16:19]INFO:
 Average Precision  (AP) @[ IoU=0.50:0.95 | area=   all | maxDets=100 ] = 0.010
 Average Precision  (AP) @[ IoU=0.50      | area=   all | maxDets=100 ] = 0.030
 Average Precision  (AP) @[ IoU=0.75      | area=   all | maxDets=100 ] = 0.001
 Average Precision  (AP) @[ IoU=0.50:0.95 | area= small | maxDets=100 ] = 0.000
 Average Precision  (AP) @[ IoU=0.50:0.95 | area=medium | maxDets=100 ] = 0.001
 Average Precision  (AP) @[ IoU=0.50:0.95 | area= large | maxDets=100 ] = 0.024
 Average Recall     (AR) @[ IoU=0.50:0.95 | area=   all | maxDets=  1 ] = 0.016
 Average Recall     (AR) @[ IoU=0.50:0.95 | area=   all | maxDets= 10 ] = 0.019
 Average Recall     (AR) @[ IoU=0.50:0.95 | area=   all | maxDets=100 ] = 0.019
 Average Recall     (AR) @[ IoU=0.50:0.95 | area= small | maxDets=100 ] = 0.000
 Average Recall     (AR) @[ IoU=0.50:0.95 | area=medium | maxDets=100 ] = 0.003
 Average Recall     (AR) @[ IoU=0.50:0.95 | area= large | maxDets=100 ] = 0.047

INFO:NanoDet:
 Average Precision  (AP) @[ IoU=0.50:0.95 | area=   all | maxDets=100 ] = 0.010
 Average Precision  (AP) @[ IoU=0.50      | area=   all | maxDets=100 ] = 0.030
 Average Precision  (AP) @[ IoU=0.75      | area=   all | maxDets=100 ] = 0.001
 Average Precision  (AP) @[ IoU=0.50:0.95 | area= small | maxDets=100 ] = 0.000
 Average Precision  (AP) @[ IoU=0.50:0.95 | area=medium | maxDets=100 ] = 0.001
 Average Precision  (AP) @[ IoU=0.50:0.95 | area= large | maxDets=100 ] = 0.024
 Average Recall     (AR) @[ IoU=0.50:0.95 | area=   all | maxDets=  1 ] = 0.016
 Average Recall     (AR) @[ IoU=0.50:0.95 | area=   all | maxDets= 10 ] = 0.019
 Average Recall     (AR) @[ IoU=0.50:0.95 | area=   all | maxDets=100 ] = 0.019
 Average Recall     (AR) @[ IoU=0.50:0.95 | area= small | maxDets=100 ] = 0.000
 Average Recall     (AR) @[ IoU=0.50:0.95 | area=medium | maxDets=100 ] = 0.003
 Average Recall     (AR) @[ IoU=0.50:0.95 | area= large | maxDets=100 ] = 0.047

[NanoDet][01-24 23:16:19]INFO:
| class       | AP50   | mAP   | class       | AP50   | mAP   |
|:------------|:-------|:------|:------------|:-------|:------|
| aeroplane   | 0.0    | 0.0   | bicycle     | 0.0    | 0.0   |
| bird        | 0.0    | 0.0   | boat        | 0.0    | 0.0   |
| bottle      | nan    | nan   | bus         | 0.0    | 0.0   |
| car         | 13.9   | 4.4   | cat         | 0.0    | 0.0   |
| chair       | 0.0    | 0.0   | cow         | 0.0    | 0.0   |
| diningtable | 0.0    | 0.0   | dog         | 22.8   | 4.6   |
| horse       | 0.0    | 0.0   | motorbike   | 0.0    | 0.0   |
| person      | 3.5    | 1.6   | pottedplant | 0.0    | 0.0   |
| sheep       | 0.0    | 0.0   | sofa        | 0.0    | 0.0   |
| train       | 0.0    | 0.0   | tvmonitor   | 16.8   | 8.4   |
INFO:NanoDet:
| class       | AP50   | mAP   | class       | AP50   | mAP   |
|:------------|:-------|:------|:------------|:-------|:------|
| aeroplane   | 0.0    | 0.0   | bicycle     | 0.0    | 0.0   |
| bird        | 0.0    | 0.0   | boat        | 0.0    | 0.0   |
| bottle      | nan    | nan   | bus         | 0.0    | 0.0   |
| car         | 13.9   | 4.4   | cat         | 0.0    | 0.0   |
| chair       | 0.0    | 0.0   | cow         | 0.0    | 0.0   |
| diningtable | 0.0    | 0.0   | dog         | 22.8   | 4.6   |
| horse       | 0.0    | 0.0   | motorbike   | 0.0    | 0.0   |
| person      | 3.5    | 1.6   | pottedplant | 0.0    | 0.0   |
| sheep       | 0.0    | 0.0   | sofa        | 0.0    | 0.0   |
| train       | 0.0    | 0.0   | tvmonitor   | 16.8   | 8.4   |
[NanoDet][01-24 23:16:19]INFO:Saving model to workspace/nanodet-plus-m_320_voc/model_best/nanodet_model_best.pth
INFO:NanoDet:Saving model to workspace/nanodet-plus-m_320_voc/model_best/nanodet_model_best.pth
[NanoDet][01-24 23:16:19]INFO:Val_metrics: {'mAP': 0.009987840889352093, 'AP_50': 0.02997841137497208, 'AP_75': 0.0006699918112111964, 'AP_small': 0.0, 'AP_m': 0.0007875787578757876, 'AP_l': 0.02446265481316632}
INFO:NanoDet:Val_metrics: {'mAP': 0.009987840889352093, 'AP_50': 0.02997841137497208, 'AP_75': 0.0006699918112111964, 'AP_small': 0.0, 'AP_m': 0.0007875787578757876, 'AP_l': 0.02446265481316632}
Loading and preparing results...
DONE (t=0.00s)
creating index...
index created!
Running per image evaluation...
Evaluate annotation type *bbox*
DONE (t=0.02s).
Accumulating evaluation results...
DONE (t=0.04s).
[NanoDet][01-24 23:16:21]INFO:Val|Epoch19/20|Iter57(1/4)| mem:2G| lr:1.00e-03| loss_qfl:0.7044| loss_bbox:1.0454| loss_dfl:0.4468| aux_loss_qfl:0.5739| aux_loss_bbox:0.8122| aux_loss_dfl:0.3961| 
INFO:NanoDet:Val|Epoch19/20|Iter57(1/4)| mem:2G| lr:1.00e-03| loss_qfl:0.7044| loss_bbox:1.0454| loss_dfl:0.4468| aux_loss_qfl:0.5739| aux_loss_bbox:0.8122| aux_loss_dfl:0.3961| 
[NanoDet][01-24 23:16:21]INFO:
 Average Precision  (AP) @[ IoU=0.50:0.95 | area=   all | maxDets=100 ] = 0.014
 Average Precision  (AP) @[ IoU=0.50      | area=   all | maxDets=100 ] = 0.047
 Average Precision  (AP) @[ IoU=0.75      | area=   all | maxDets=100 ] = 0.003
 Average Precision  (AP) @[ IoU=0.50:0.95 | area= small | maxDets=100 ] = 0.000
 Average Precision  (AP) @[ IoU=0.50:0.95 | area=medium | maxDets=100 ] = 0.000
 Average Precision  (AP) @[ IoU=0.50:0.95 | area= large | maxDets=100 ] = 0.022
 Average Recall     (AR) @[ IoU=0.50:0.95 | area=   all | maxDets=  1 ] = 0.040
 Average Recall     (AR) @[ IoU=0.50:0.95 | area=   all | maxDets= 10 ] = 0.046
 Average Recall     (AR) @[ IoU=0.50:0.95 | area=   all | maxDets=100 ] = 0.046
 Average Recall     (AR) @[ IoU=0.50:0.95 | area= small | maxDets=100 ] = 0.000
 Average Recall     (AR) @[ IoU=0.50:0.95 | area=medium | maxDets=100 ] = 0.004
 Average Recall     (AR) @[ IoU=0.50:0.95 | area= large | maxDets=100 ] = 0.062

INFO:NanoDet:
 Average Precision  (AP) @[ IoU=0.50:0.95 | area=   all | maxDets=100 ] = 0.014
 Average Precision  (AP) @[ IoU=0.50      | area=   all | maxDets=100 ] = 0.047
 Average Precision  (AP) @[ IoU=0.75      | area=   all | maxDets=100 ] = 0.003
 Average Precision  (AP) @[ IoU=0.50:0.95 | area= small | maxDets=100 ] = 0.000
 Average Precision  (AP) @[ IoU=0.50:0.95 | area=medium | maxDets=100 ] = 0.000
 Average Precision  (AP) @[ IoU=0.50:0.95 | area= large | maxDets=100 ] = 0.022
 Average Recall     (AR) @[ IoU=0.50:0.95 | area=   all | maxDets=  1 ] = 0.040
 Average Recall     (AR) @[ IoU=0.50:0.95 | area=   all | maxDets= 10 ] = 0.046
 Average Recall     (AR) @[ IoU=0.50:0.95 | area=   all | maxDets=100 ] = 0.046
 Average Recall     (AR) @[ IoU=0.50:0.95 | area= small | maxDets=100 ] = 0.000
 Average Recall     (AR) @[ IoU=0.50:0.95 | area=medium | maxDets=100 ] = 0.004
 Average Recall     (AR) @[ IoU=0.50:0.95 | area= large | maxDets=100 ] = 0.062

[NanoDet][01-24 23:16:21]INFO:
| class       | AP50   | mAP   | class       | AP50   | mAP   |
|:------------|:-------|:------|:------------|:-------|:------|
| aeroplane   | 0.0    | 0.0   | bicycle     | 0.0    | 0.0   |
| bird        | 16.6   | 5.4   | boat        | 0.0    | 0.0   |
| bottle      | nan    | nan   | bus         | 0.0    | 0.0   |
| car         | 11.4   | 5.1   | cat         | 6.2    | 1.2   |
| chair       | 0.0    | 0.0   | cow         | 0.0    | 0.0   |
| diningtable | 0.0    | 0.0   | dog         | 33.7   | 8.5   |
| horse       | 14.7   | 5.2   | motorbike   | 0.0    | 0.0   |
| person      | 6.4    | 1.9   | pottedplant | 0.0    | 0.0   |
| sheep       | 0.0    | 0.0   | sofa        | 0.0    | 0.0   |
| train       | 0.0    | 0.0   | tvmonitor   | 0.0    | 0.0   |
INFO:NanoDet:
| class       | AP50   | mAP   | class       | AP50   | mAP   |
|:------------|:-------|:------|:------------|:-------|:------|
| aeroplane   | 0.0    | 0.0   | bicycle     | 0.0    | 0.0   |
| bird        | 16.6   | 5.4   | boat        | 0.0    | 0.0   |
| bottle      | nan    | nan   | bus         | 0.0    | 0.0   |
| car         | 11.4   | 5.1   | cat         | 6.2    | 1.2   |
| chair       | 0.0    | 0.0   | cow         | 0.0    | 0.0   |
| diningtable | 0.0    | 0.0   | dog         | 33.7   | 8.5   |
| horse       | 14.7   | 5.2   | motorbike   | 0.0    | 0.0   |
| person      | 6.4    | 1.9   | pottedplant | 0.0    | 0.0   |
| sheep       | 0.0    | 0.0   | sofa        | 0.0    | 0.0   |
| train       | 0.0    | 0.0   | tvmonitor   | 0.0    | 0.0   |
[NanoDet][01-24 23:16:22]INFO:Saving model to workspace/nanodet-plus-m_320_voc/model_best/nanodet_model_best.pth
INFO:NanoDet:Saving model to workspace/nanodet-plus-m_320_voc/model_best/nanodet_model_best.pth
[NanoDet][01-24 23:16:22]INFO:Val_metrics: {'mAP': 0.014361239526534453, 'AP_50': 0.046867571374976984, 'AP_75': 0.00340889352093104, 'AP_small': 0.0, 'AP_m': 0.000490284322549902, 'AP_l': 0.021835045041152176}
INFO:NanoDet:Val_metrics: {'mAP': 0.014361239526534453, 'AP_50': 0.046867571374976984, 'AP_75': 0.00340889352093104, 'AP_small': 0.0, 'AP_m': 0.000490284322549902, 'AP_l': 0.021835045041152176}
Loading and preparing results...
DONE (t=0.00s)
creating index...
index created!
Running per image evaluation...
Evaluate annotation type *bbox*
DONE (t=0.03s).
Accumulating evaluation results...
DONE (t=0.04s).
[NanoDet][01-24 23:16:24]INFO:Val|Epoch20/20|Iter60(1/4)| mem:2G| lr:1.00e-03| loss_qfl:0.6616| loss_bbox:1.0432| loss_dfl:0.4378| aux_loss_qfl:0.5570| aux_loss_bbox:0.8642| aux_loss_dfl:0.4232| 
INFO:NanoDet:Val|Epoch20/20|Iter60(1/4)| mem:2G| lr:1.00e-03| loss_qfl:0.6616| loss_bbox:1.0432| loss_dfl:0.4378| aux_loss_qfl:0.5570| aux_loss_bbox:0.8642| aux_loss_dfl:0.4232| 
[NanoDet][01-24 23:16:24]INFO:
 Average Precision  (AP) @[ IoU=0.50:0.95 | area=   all | maxDets=100 ] = 0.023
 Average Precision  (AP) @[ IoU=0.50      | area=   all | maxDets=100 ] = 0.070
 Average Precision  (AP) @[ IoU=0.75      | area=   all | maxDets=100 ] = 0.009
 Average Precision  (AP) @[ IoU=0.50:0.95 | area= small | maxDets=100 ] = 0.000
 Average Precision  (AP) @[ IoU=0.50:0.95 | area=medium | maxDets=100 ] = 0.000
 Average Precision  (AP) @[ IoU=0.50:0.95 | area= large | maxDets=100 ] = 0.032
 Average Recall     (AR) @[ IoU=0.50:0.95 | area=   all | maxDets=  1 ] = 0.068
 Average Recall     (AR) @[ IoU=0.50:0.95 | area=   all | maxDets= 10 ] = 0.078
 Average Recall     (AR) @[ IoU=0.50:0.95 | area=   all | maxDets=100 ] = 0.079
 Average Recall     (AR) @[ IoU=0.50:0.95 | area= small | maxDets=100 ] = 0.000
 Average Recall     (AR) @[ IoU=0.50:0.95 | area=medium | maxDets=100 ] = 0.004
 Average Recall     (AR) @[ IoU=0.50:0.95 | area= large | maxDets=100 ] = 0.097

INFO:NanoDet:
 Average Precision  (AP) @[ IoU=0.50:0.95 | area=   all | maxDets=100 ] = 0.023
 Average Precision  (AP) @[ IoU=0.50      | area=   all | maxDets=100 ] = 0.070
 Average Precision  (AP) @[ IoU=0.75      | area=   all | maxDets=100 ] = 0.009
 Average Precision  (AP) @[ IoU=0.50:0.95 | area= small | maxDets=100 ] = 0.000
 Average Precision  (AP) @[ IoU=0.50:0.95 | area=medium | maxDets=100 ] = 0.000
 Average Precision  (AP) @[ IoU=0.50:0.95 | area= large | maxDets=100 ] = 0.032
 Average Recall     (AR) @[ IoU=0.50:0.95 | area=   all | maxDets=  1 ] = 0.068
 Average Recall     (AR) @[ IoU=0.50:0.95 | area=   all | maxDets= 10 ] = 0.078
 Average Recall     (AR) @[ IoU=0.50:0.95 | area=   all | maxDets=100 ] = 0.079
 Average Recall     (AR) @[ IoU=0.50:0.95 | area= small | maxDets=100 ] = 0.000
 Average Recall     (AR) @[ IoU=0.50:0.95 | area=medium | maxDets=100 ] = 0.004
 Average Recall     (AR) @[ IoU=0.50:0.95 | area= large | maxDets=100 ] = 0.097

[NanoDet][01-24 23:16:24]INFO:
| class       | AP50   | mAP   | class       | AP50   | mAP   |
|:------------|:-------|:------|:------------|:-------|:------|
| aeroplane   | 33.3   | 13.3  | bicycle     | 0.0    | 0.0   |
| bird        | 26.5   | 7.7   | boat        | 0.0    | 0.0   |
| bottle      | nan    | nan   | bus         | 0.0    | 0.0   |
| car         | 13.9   | 6.4   | cat         | 5.8    | 1.0   |
| chair       | 0.0    | 0.0   | cow         | 0.0    | 0.0   |
| diningtable | 0.0    | 0.0   | dog         | 33.7   | 7.7   |
| horse       | 12.0   | 6.1   | motorbike   | 0.0    | 0.0   |
| person      | 4.2    | 1.2   | pottedplant | 0.0    | 0.0   |
| sheep       | 0.0    | 0.0   | sofa        | 0.0    | 0.0   |
| train       | 3.2    | 0.6   | tvmonitor   | 0.0    | 0.0   |
INFO:NanoDet:
| class       | AP50   | mAP   | class       | AP50   | mAP   |
|:------------|:-------|:------|:------------|:-------|:------|
| aeroplane   | 33.3   | 13.3  | bicycle     | 0.0    | 0.0   |
| bird        | 26.5   | 7.7   | boat        | 0.0    | 0.0   |
| bottle      | nan    | nan   | bus         | 0.0    | 0.0   |
| car         | 13.9   | 6.4   | cat         | 5.8    | 1.0   |
| chair       | 0.0    | 0.0   | cow         | 0.0    | 0.0   |
| diningtable | 0.0    | 0.0   | dog         | 33.7   | 7.7   |
| horse       | 12.0   | 6.1   | motorbike   | 0.0    | 0.0   |
| person      | 4.2    | 1.2   | pottedplant | 0.0    | 0.0   |
| sheep       | 0.0    | 0.0   | sofa        | 0.0    | 0.0   |
| train       | 3.2    | 0.6   | tvmonitor   | 0.0    | 0.0   |
[NanoDet][01-24 23:16:24]INFO:Saving model to workspace/nanodet-plus-m_320_voc/model_best/nanodet_model_best.pth
INFO:NanoDet:Saving model to workspace/nanodet-plus-m_320_voc/model_best/nanodet_model_best.pth
[NanoDet][01-24 23:16:24]INFO:Val_metrics: {'mAP': 0.023194926021206597, 'AP_50': 0.06982800608031078, 'AP_75': 0.009180639426171717, 'AP_small': 0.0, 'AP_m': 0.00018635513249340468, 'AP_l': 0.03185418196507694}
INFO:NanoDet:Val_metrics: {'mAP': 0.023194926021206597, 'AP_50': 0.06982800608031078, 'AP_75': 0.009180639426171717, 'AP_small': 0.0, 'AP_m': 0.00018635513249340468, 'AP_l': 0.03185418196507694}
`Trainer.fit` stopped: `max_epochs=20` reached.
Loading and preparing results...
DONE (t=0.00s)
creating index...
index created!
Running per image evaluation...
Evaluate annotation type *bbox*
DONE (t=0.05s).
Accumulating evaluation results...
DONE (t=0.05s).
