[NanoDet][01-24 23:18:49]INFO:Setting up data...
[NanoDet][01-24 23:18:55]INFO:Creating model...
INFO:NanoDet:Creating model...
GPU available: True (cuda), used: True
TPU available: False, using: 0 TPU cores
IPU available: False, using: 0 IPUs
HPU available: False, using: 0 HPUs
You are using a CUDA device ('NVIDIA GeForce RTX 3090') that has Tensor Cores. To properly utilize them, you should set `torch.set_float32_matmul_precision('medium' | 'high')` which will trade-off precision for performance. For more details, read https://pytorch.org/docs/stable/generated/torch.set_float32_matmul_precision.html#torch.set_float32_matmul_precision
LOCAL_RANK: 0 - CUDA_VISIBLE_DEVICES: [0]

  | Name      | Type        | Params
------------------------------------------
0 | model     | NanoDetPlus | 4.2 M 
1 | avg_model | NanoDetPlus | 4.2 M 
------------------------------------------
8.4 M     Trainable params
0         Non-trainable params
8.4 M     Total params
33.631    Total estimated model params size (MB)
[NanoDet][01-24 23:18:56]INFO:Weight Averaging is enabled
INFO:NanoDet:Weight Averaging is enabled
creating index...
index created!
creating index...
index created!
model size is  1.0x
init weights...
=> loading pretrained model https://download.pytorch.org/models/shufflenetv2_x1-5666bf0f80.pth
Finish initialize NanoDet-Plus Head.
/root/.local/share/mamba/envs/nanojittor/lib/python3.8/site-packages/torch/functional.py:504: UserWarning: torch.meshgrid: in an upcoming release, it will be required to pass the indexing argument. (Triggered internally at ../aten/src/ATen/native/TensorShape.cpp:3190.)
  return _VF.meshgrid(tensors, **kwargs)  # type: ignore[attr-defined]
[NanoDet][01-24 23:19:00]INFO:Train|Epoch1/50|Iter0(1/78)| mem:7.57G| lr:1.00e-07| loss_qfl:0.7186| loss_bbox:1.0772| loss_dfl:0.5225| aux_loss_qfl:0.7018| aux_loss_bbox:1.0329| aux_loss_dfl:0.5403| 
INFO:NanoDet:Train|Epoch1/50|Iter0(1/78)| mem:7.57G| lr:1.00e-07| loss_qfl:0.7186| loss_bbox:1.0772| loss_dfl:0.5225| aux_loss_qfl:0.7018| aux_loss_bbox:1.0329| aux_loss_dfl:0.5403| 
[NanoDet][01-24 23:19:34]INFO:Train|Epoch1/50|Iter50(51/78)| mem:7.52G| lr:1.67e-04| loss_qfl:0.9184| loss_bbox:1.0317| loss_dfl:0.4615| aux_loss_qfl:0.5808| aux_loss_bbox:0.7376| aux_loss_dfl:0.3665| 
INFO:NanoDet:Train|Epoch1/50|Iter50(51/78)| mem:7.52G| lr:1.67e-04| loss_qfl:0.9184| loss_bbox:1.0317| loss_dfl:0.4615| aux_loss_qfl:0.5808| aux_loss_bbox:0.7376| aux_loss_dfl:0.3665| 
[NanoDet][01-24 23:20:12]INFO:Train|Epoch2/50|Iter100(23/78)| mem:7.52G| lr:3.33e-04| loss_qfl:0.7517| loss_bbox:0.7645| loss_dfl:0.4050| aux_loss_qfl:0.6313| aux_loss_bbox:0.5611| aux_loss_dfl:0.2918| 
INFO:NanoDet:Train|Epoch2/50|Iter100(23/78)| mem:7.52G| lr:3.33e-04| loss_qfl:0.7517| loss_bbox:0.7645| loss_dfl:0.4050| aux_loss_qfl:0.6313| aux_loss_bbox:0.5611| aux_loss_dfl:0.2918| 
[NanoDet][01-24 23:20:48]INFO:Train|Epoch2/50|Iter150(73/78)| mem:7.52G| lr:5.00e-04| loss_qfl:0.6609| loss_bbox:0.6672| loss_dfl:0.3690| aux_loss_qfl:0.5697| aux_loss_bbox:0.5487| aux_loss_dfl:0.2823| 
INFO:NanoDet:Train|Epoch2/50|Iter150(73/78)| mem:7.52G| lr:5.00e-04| loss_qfl:0.6609| loss_bbox:0.6672| loss_dfl:0.3690| aux_loss_qfl:0.5697| aux_loss_bbox:0.5487| aux_loss_dfl:0.2823| 
[NanoDet][01-24 23:21:27]INFO:Train|Epoch3/50|Iter200(45/78)| mem:7.52G| lr:6.67e-04| loss_qfl:0.6176| loss_bbox:0.6007| loss_dfl:0.3391| aux_loss_qfl:0.5710| aux_loss_bbox:0.5103| aux_loss_dfl:0.2703| 
INFO:NanoDet:Train|Epoch3/50|Iter200(45/78)| mem:7.52G| lr:6.67e-04| loss_qfl:0.6176| loss_bbox:0.6007| loss_dfl:0.3391| aux_loss_qfl:0.5710| aux_loss_bbox:0.5103| aux_loss_dfl:0.2703| 
[NanoDet][01-24 23:22:00]INFO:Train|Epoch4/50|Iter250(17/78)| mem:7.52G| lr:8.33e-04| loss_qfl:0.5713| loss_bbox:0.6335| loss_dfl:0.3225| aux_loss_qfl:0.5348| aux_loss_bbox:0.5229| aux_loss_dfl:0.2635| 
INFO:NanoDet:Train|Epoch4/50|Iter250(17/78)| mem:7.52G| lr:8.33e-04| loss_qfl:0.5713| loss_bbox:0.6335| loss_dfl:0.3225| aux_loss_qfl:0.5348| aux_loss_bbox:0.5229| aux_loss_dfl:0.2635| 
[NanoDet][01-24 23:22:37]INFO:Train|Epoch4/50|Iter300(67/78)| mem:7.52G| lr:1.00e-03| loss_qfl:0.5868| loss_bbox:0.5606| loss_dfl:0.2949| aux_loss_qfl:0.5581| aux_loss_bbox:0.4919| aux_loss_dfl:0.2490| 
INFO:NanoDet:Train|Epoch4/50|Iter300(67/78)| mem:7.52G| lr:1.00e-03| loss_qfl:0.5868| loss_bbox:0.5606| loss_dfl:0.2949| aux_loss_qfl:0.5581| aux_loss_bbox:0.4919| aux_loss_dfl:0.2490| 
[NanoDet][01-24 23:23:15]INFO:Train|Epoch5/50|Iter350(39/78)| mem:7.52G| lr:1.00e-03| loss_qfl:0.5727| loss_bbox:0.5447| loss_dfl:0.2810| aux_loss_qfl:0.5265| aux_loss_bbox:0.4733| aux_loss_dfl:0.2430| 
INFO:NanoDet:Train|Epoch5/50|Iter350(39/78)| mem:7.52G| lr:1.00e-03| loss_qfl:0.5727| loss_bbox:0.5447| loss_dfl:0.2810| aux_loss_qfl:0.5265| aux_loss_bbox:0.4733| aux_loss_dfl:0.2430| 
[NanoDet][01-24 23:23:55]INFO:Train|Epoch6/50|Iter400(11/78)| mem:7.53G| lr:1.00e-03| loss_qfl:0.5185| loss_bbox:0.5120| loss_dfl:0.2699| aux_loss_qfl:0.4911| aux_loss_bbox:0.4279| aux_loss_dfl:0.2275| 
INFO:NanoDet:Train|Epoch6/50|Iter400(11/78)| mem:7.53G| lr:1.00e-03| loss_qfl:0.5185| loss_bbox:0.5120| loss_dfl:0.2699| aux_loss_qfl:0.4911| aux_loss_bbox:0.4279| aux_loss_dfl:0.2275| 
[NanoDet][01-24 23:24:32]INFO:Train|Epoch6/50|Iter450(61/78)| mem:7.53G| lr:1.00e-03| loss_qfl:0.5338| loss_bbox:0.5004| loss_dfl:0.2640| aux_loss_qfl:0.4665| aux_loss_bbox:0.4312| aux_loss_dfl:0.2392| 
INFO:NanoDet:Train|Epoch6/50|Iter450(61/78)| mem:7.53G| lr:1.00e-03| loss_qfl:0.5338| loss_bbox:0.5004| loss_dfl:0.2640| aux_loss_qfl:0.4665| aux_loss_bbox:0.4312| aux_loss_dfl:0.2392| 
[NanoDet][01-24 23:25:10]INFO:Train|Epoch7/50|Iter500(33/78)| mem:7.53G| lr:1.00e-03| loss_qfl:0.4878| loss_bbox:0.5029| loss_dfl:0.2534| aux_loss_qfl:0.4305| aux_loss_bbox:0.4735| aux_loss_dfl:0.2425| 
INFO:NanoDet:Train|Epoch7/50|Iter500(33/78)| mem:7.53G| lr:1.00e-03| loss_qfl:0.4878| loss_bbox:0.5029| loss_dfl:0.2534| aux_loss_qfl:0.4305| aux_loss_bbox:0.4735| aux_loss_dfl:0.2425| 
[NanoDet][01-24 23:25:49]INFO:Train|Epoch8/50|Iter550(5/78)| mem:7.53G| lr:1.00e-03| loss_qfl:0.5170| loss_bbox:0.4548| loss_dfl:0.2437| aux_loss_qfl:0.4652| aux_loss_bbox:0.3826| aux_loss_dfl:0.2111| 
INFO:NanoDet:Train|Epoch8/50|Iter550(5/78)| mem:7.53G| lr:1.00e-03| loss_qfl:0.5170| loss_bbox:0.4548| loss_dfl:0.2437| aux_loss_qfl:0.4652| aux_loss_bbox:0.3826| aux_loss_dfl:0.2111| 
[NanoDet][01-24 23:26:25]INFO:Train|Epoch8/50|Iter600(55/78)| mem:7.53G| lr:1.00e-03| loss_qfl:0.5091| loss_bbox:0.4598| loss_dfl:0.2442| aux_loss_qfl:0.4848| aux_loss_bbox:0.4122| aux_loss_dfl:0.2173| 
INFO:NanoDet:Train|Epoch8/50|Iter600(55/78)| mem:7.53G| lr:1.00e-03| loss_qfl:0.5091| loss_bbox:0.4598| loss_dfl:0.2442| aux_loss_qfl:0.4848| aux_loss_bbox:0.4122| aux_loss_dfl:0.2173| 
[NanoDet][01-24 23:26:57]INFO:Train|Epoch9/50|Iter650(27/78)| mem:7.53G| lr:1.00e-03| loss_qfl:0.4951| loss_bbox:0.4294| loss_dfl:0.2370| aux_loss_qfl:0.4605| aux_loss_bbox:0.3732| aux_loss_dfl:0.2136| 
INFO:NanoDet:Train|Epoch9/50|Iter650(27/78)| mem:7.53G| lr:1.00e-03| loss_qfl:0.4951| loss_bbox:0.4294| loss_dfl:0.2370| aux_loss_qfl:0.4605| aux_loss_bbox:0.3732| aux_loss_dfl:0.2136| 
[NanoDet][01-24 23:27:33]INFO:Train|Epoch9/50|Iter700(77/78)| mem:7.53G| lr:1.00e-03| loss_qfl:0.5194| loss_bbox:0.4461| loss_dfl:0.2318| aux_loss_qfl:0.4702| aux_loss_bbox:0.4053| aux_loss_dfl:0.2160| 
INFO:NanoDet:Train|Epoch9/50|Iter700(77/78)| mem:7.53G| lr:1.00e-03| loss_qfl:0.5194| loss_bbox:0.4461| loss_dfl:0.2318| aux_loss_qfl:0.4702| aux_loss_bbox:0.4053| aux_loss_dfl:0.2160| 
[NanoDet][01-24 23:28:11]INFO:Train|Epoch10/50|Iter750(49/78)| mem:7.53G| lr:1.00e-03| loss_qfl:0.4870| loss_bbox:0.4895| loss_dfl:0.2502| aux_loss_qfl:0.4737| aux_loss_bbox:0.4567| aux_loss_dfl:0.2371| 
INFO:NanoDet:Train|Epoch10/50|Iter750(49/78)| mem:7.53G| lr:1.00e-03| loss_qfl:0.4870| loss_bbox:0.4895| loss_dfl:0.2502| aux_loss_qfl:0.4737| aux_loss_bbox:0.4567| aux_loss_dfl:0.2371| 
[NanoDet][01-24 23:28:34]INFO:Val|Epoch10/50|Iter780(1/78)| mem:7.53G| lr:1.00e-03| loss_qfl:0.4928| loss_bbox:0.4298| loss_dfl:0.2380| aux_loss_qfl:0.4311| aux_loss_bbox:0.3987| aux_loss_dfl:0.2199| 
INFO:NanoDet:Val|Epoch10/50|Iter780(1/78)| mem:7.53G| lr:1.00e-03| loss_qfl:0.4928| loss_bbox:0.4298| loss_dfl:0.2380| aux_loss_qfl:0.4311| aux_loss_bbox:0.3987| aux_loss_dfl:0.2199| 
[NanoDet][01-24 23:29:06]INFO:Val|Epoch10/50|Iter780(51/78)| mem:7.53G| lr:1.00e-03| loss_qfl:0.5392| loss_bbox:0.4771| loss_dfl:0.2577| aux_loss_qfl:0.4734| aux_loss_bbox:0.4186| aux_loss_dfl:0.2351| 
INFO:NanoDet:Val|Epoch10/50|Iter780(51/78)| mem:7.53G| lr:1.00e-03| loss_qfl:0.5392| loss_bbox:0.4771| loss_dfl:0.2577| aux_loss_qfl:0.4734| aux_loss_bbox:0.4186| aux_loss_dfl:0.2351| 
[NanoDet][01-24 23:30:00]INFO:
 Average Precision  (AP) @[ IoU=0.50:0.95 | area=   all | maxDets=100 ] = 0.207
 Average Precision  (AP) @[ IoU=0.50      | area=   all | maxDets=100 ] = 0.380
 Average Precision  (AP) @[ IoU=0.75      | area=   all | maxDets=100 ] = 0.201
 Average Precision  (AP) @[ IoU=0.50:0.95 | area= small | maxDets=100 ] = 0.008
 Average Precision  (AP) @[ IoU=0.50:0.95 | area=medium | maxDets=100 ] = 0.065
 Average Precision  (AP) @[ IoU=0.50:0.95 | area= large | maxDets=100 ] = 0.291
 Average Recall     (AR) @[ IoU=0.50:0.95 | area=   all | maxDets=  1 ] = 0.273
 Average Recall     (AR) @[ IoU=0.50:0.95 | area=   all | maxDets= 10 ] = 0.411
 Average Recall     (AR) @[ IoU=0.50:0.95 | area=   all | maxDets=100 ] = 0.438
 Average Recall     (AR) @[ IoU=0.50:0.95 | area= small | maxDets=100 ] = 0.027
 Average Recall     (AR) @[ IoU=0.50:0.95 | area=medium | maxDets=100 ] = 0.268
 Average Recall     (AR) @[ IoU=0.50:0.95 | area= large | maxDets=100 ] = 0.559

INFO:NanoDet:
 Average Precision  (AP) @[ IoU=0.50:0.95 | area=   all | maxDets=100 ] = 0.207
 Average Precision  (AP) @[ IoU=0.50      | area=   all | maxDets=100 ] = 0.380
 Average Precision  (AP) @[ IoU=0.75      | area=   all | maxDets=100 ] = 0.201
 Average Precision  (AP) @[ IoU=0.50:0.95 | area= small | maxDets=100 ] = 0.008
 Average Precision  (AP) @[ IoU=0.50:0.95 | area=medium | maxDets=100 ] = 0.065
 Average Precision  (AP) @[ IoU=0.50:0.95 | area= large | maxDets=100 ] = 0.291
 Average Recall     (AR) @[ IoU=0.50:0.95 | area=   all | maxDets=  1 ] = 0.273
 Average Recall     (AR) @[ IoU=0.50:0.95 | area=   all | maxDets= 10 ] = 0.411
 Average Recall     (AR) @[ IoU=0.50:0.95 | area=   all | maxDets=100 ] = 0.438
 Average Recall     (AR) @[ IoU=0.50:0.95 | area= small | maxDets=100 ] = 0.027
 Average Recall     (AR) @[ IoU=0.50:0.95 | area=medium | maxDets=100 ] = 0.268
 Average Recall     (AR) @[ IoU=0.50:0.95 | area= large | maxDets=100 ] = 0.559

[NanoDet][01-24 23:30:00]INFO:
| class       | AP50   | mAP   | class       | AP50   | mAP   |
|:------------|:-------|:------|:------------|:-------|:------|
| aeroplane   | 46.5   | 26.4  | bicycle     | 48.1   | 27.6  |
| bird        | 33.2   | 15.7  | boat        | 19.6   | 8.5   |
| bottle      | 10.6   | 3.9   | bus         | 37.1   | 24.6  |
| car         | 53.7   | 32.1  | cat         | 58.9   | 34.5  |
| chair       | 17.5   | 7.6   | cow         | 24.9   | 12.3  |
| diningtable | 38.6   | 22.5  | dog         | 48.0   | 28.0  |
| horse       | 44.7   | 23.3  | motorbike   | 44.4   | 24.2  |
| person      | 54.6   | 27.4  | pottedplant | 19.6   | 8.0   |
| sheep       | 31.1   | 16.5  | sofa        | 37.4   | 21.1  |
| train       | 45.9   | 27.4  | tvmonitor   | 45.6   | 22.8  |
INFO:NanoDet:
| class       | AP50   | mAP   | class       | AP50   | mAP   |
|:------------|:-------|:------|:------------|:-------|:------|
| aeroplane   | 46.5   | 26.4  | bicycle     | 48.1   | 27.6  |
| bird        | 33.2   | 15.7  | boat        | 19.6   | 8.5   |
| bottle      | 10.6   | 3.9   | bus         | 37.1   | 24.6  |
| car         | 53.7   | 32.1  | cat         | 58.9   | 34.5  |
| chair       | 17.5   | 7.6   | cow         | 24.9   | 12.3  |
| diningtable | 38.6   | 22.5  | dog         | 48.0   | 28.0  |
| horse       | 44.7   | 23.3  | motorbike   | 44.4   | 24.2  |
| person      | 54.6   | 27.4  | pottedplant | 19.6   | 8.0   |
| sheep       | 31.1   | 16.5  | sofa        | 37.4   | 21.1  |
| train       | 45.9   | 27.4  | tvmonitor   | 45.6   | 22.8  |
[NanoDet][01-24 23:30:01]INFO:Saving model to workspace/nanodet-plus-m_320_voc/model_best/nanodet_model_best.pth
INFO:NanoDet:Saving model to workspace/nanodet-plus-m_320_voc/model_best/nanodet_model_best.pth
[NanoDet][01-24 23:30:01]INFO:Val_metrics: {'mAP': 0.20711949747606423, 'AP_50': 0.3800286867304537, 'AP_75': 0.20067964655217724, 'AP_small': 0.00777118590953026, 'AP_m': 0.0650604745632036, 'AP_l': 0.2909435610461247}
INFO:NanoDet:Val_metrics: {'mAP': 0.20711949747606423, 'AP_50': 0.3800286867304537, 'AP_75': 0.20067964655217724, 'AP_small': 0.00777118590953026, 'AP_m': 0.0650604745632036, 'AP_l': 0.2909435610461247}
Loading and preparing results...
DONE (t=2.92s)
creating index...
index created!
Running per image evaluation...
Evaluate annotation type *bbox*
DONE (t=16.19s).
Accumulating evaluation results...
DONE (t=5.82s).
[NanoDet][01-24 23:30:18]INFO:Train|Epoch11/50|Iter800(21/78)| mem:7.54G| lr:1.00e-03| loss_qfl:0.4530| loss_bbox:0.4472| loss_dfl:0.2296| aux_loss_qfl:0.4336| aux_loss_bbox:0.3962| aux_loss_dfl:0.2156| 
INFO:NanoDet:Train|Epoch11/50|Iter800(21/78)| mem:7.54G| lr:1.00e-03| loss_qfl:0.4530| loss_bbox:0.4472| loss_dfl:0.2296| aux_loss_qfl:0.4336| aux_loss_bbox:0.3962| aux_loss_dfl:0.2156| 
[NanoDet][01-24 23:30:55]INFO:Train|Epoch11/50|Iter850(71/78)| mem:7.54G| lr:1.00e-03| loss_qfl:0.4567| loss_bbox:0.4298| loss_dfl:0.2318| aux_loss_qfl:0.4221| aux_loss_bbox:0.3778| aux_loss_dfl:0.2111| 
INFO:NanoDet:Train|Epoch11/50|Iter850(71/78)| mem:7.54G| lr:1.00e-03| loss_qfl:0.4567| loss_bbox:0.4298| loss_dfl:0.2318| aux_loss_qfl:0.4221| aux_loss_bbox:0.3778| aux_loss_dfl:0.2111| 
[NanoDet][01-24 23:31:25]INFO:Train|Epoch12/50|Iter900(43/78)| mem:7.54G| lr:1.00e-03| loss_qfl:0.3728| loss_bbox:0.4700| loss_dfl:0.2328| aux_loss_qfl:0.3427| aux_loss_bbox:0.3987| aux_loss_dfl:0.2102| 
INFO:NanoDet:Train|Epoch12/50|Iter900(43/78)| mem:7.54G| lr:1.00e-03| loss_qfl:0.3728| loss_bbox:0.4700| loss_dfl:0.2328| aux_loss_qfl:0.3427| aux_loss_bbox:0.3987| aux_loss_dfl:0.2102| 
[NanoDet][01-24 23:31:52]INFO:Train|Epoch13/50|Iter950(15/78)| mem:7.54G| lr:1.00e-03| loss_qfl:0.4412| loss_bbox:0.4379| loss_dfl:0.2291| aux_loss_qfl:0.4143| aux_loss_bbox:0.4032| aux_loss_dfl:0.2158| 
INFO:NanoDet:Train|Epoch13/50|Iter950(15/78)| mem:7.54G| lr:1.00e-03| loss_qfl:0.4412| loss_bbox:0.4379| loss_dfl:0.2291| aux_loss_qfl:0.4143| aux_loss_bbox:0.4032| aux_loss_dfl:0.2158| 
[NanoDet][01-24 23:32:18]INFO:Train|Epoch13/50|Iter1000(65/78)| mem:7.54G| lr:1.00e-03| loss_qfl:0.3822| loss_bbox:0.4292| loss_dfl:0.2234| aux_loss_qfl:0.3668| aux_loss_bbox:0.3845| aux_loss_dfl:0.2034| 
INFO:NanoDet:Train|Epoch13/50|Iter1000(65/78)| mem:7.54G| lr:1.00e-03| loss_qfl:0.3822| loss_bbox:0.4292| loss_dfl:0.2234| aux_loss_qfl:0.3668| aux_loss_bbox:0.3845| aux_loss_dfl:0.2034| 
[NanoDet][01-24 23:32:45]INFO:Train|Epoch14/50|Iter1050(37/78)| mem:7.54G| lr:1.00e-03| loss_qfl:0.4148| loss_bbox:0.3868| loss_dfl:0.2171| aux_loss_qfl:0.3926| aux_loss_bbox:0.3466| aux_loss_dfl:0.2034| 
INFO:NanoDet:Train|Epoch14/50|Iter1050(37/78)| mem:7.54G| lr:1.00e-03| loss_qfl:0.4148| loss_bbox:0.3868| loss_dfl:0.2171| aux_loss_qfl:0.3926| aux_loss_bbox:0.3466| aux_loss_dfl:0.2034| 
[NanoDet][01-24 23:33:12]INFO:Train|Epoch15/50|Iter1100(9/78)| mem:7.54G| lr:1.00e-03| loss_qfl:0.3685| loss_bbox:0.3600| loss_dfl:0.2180| aux_loss_qfl:0.3589| aux_loss_bbox:0.3264| aux_loss_dfl:0.2031| 
INFO:NanoDet:Train|Epoch15/50|Iter1100(9/78)| mem:7.54G| lr:1.00e-03| loss_qfl:0.3685| loss_bbox:0.3600| loss_dfl:0.2180| aux_loss_qfl:0.3589| aux_loss_bbox:0.3264| aux_loss_dfl:0.2031| 
[NanoDet][01-24 23:33:38]INFO:Train|Epoch15/50|Iter1150(59/78)| mem:7.54G| lr:1.00e-03| loss_qfl:0.3829| loss_bbox:0.4125| loss_dfl:0.2167| aux_loss_qfl:0.3614| aux_loss_bbox:0.3659| aux_loss_dfl:0.1998| 
INFO:NanoDet:Train|Epoch15/50|Iter1150(59/78)| mem:7.54G| lr:1.00e-03| loss_qfl:0.3829| loss_bbox:0.4125| loss_dfl:0.2167| aux_loss_qfl:0.3614| aux_loss_bbox:0.3659| aux_loss_dfl:0.1998| 
[NanoDet][01-24 23:34:05]INFO:Train|Epoch16/50|Iter1200(31/78)| mem:7.54G| lr:1.00e-03| loss_qfl:0.4346| loss_bbox:0.4039| loss_dfl:0.2250| aux_loss_qfl:0.4193| aux_loss_bbox:0.3684| aux_loss_dfl:0.2137| 
INFO:NanoDet:Train|Epoch16/50|Iter1200(31/78)| mem:7.54G| lr:1.00e-03| loss_qfl:0.4346| loss_bbox:0.4039| loss_dfl:0.2250| aux_loss_qfl:0.4193| aux_loss_bbox:0.3684| aux_loss_dfl:0.2137| 
[NanoDet][01-24 23:34:32]INFO:Train|Epoch17/50|Iter1250(3/78)| mem:7.54G| lr:1.00e-03| loss_qfl:0.4006| loss_bbox:0.4411| loss_dfl:0.2318| aux_loss_qfl:0.3906| aux_loss_bbox:0.3989| aux_loss_dfl:0.2177| 
INFO:NanoDet:Train|Epoch17/50|Iter1250(3/78)| mem:7.54G| lr:1.00e-03| loss_qfl:0.4006| loss_bbox:0.4411| loss_dfl:0.2318| aux_loss_qfl:0.3906| aux_loss_bbox:0.3989| aux_loss_dfl:0.2177| 
[NanoDet][01-24 23:34:58]INFO:Train|Epoch17/50|Iter1300(53/78)| mem:7.54G| lr:1.00e-03| loss_qfl:0.3893| loss_bbox:0.3962| loss_dfl:0.2143| aux_loss_qfl:0.3542| aux_loss_bbox:0.3680| aux_loss_dfl:0.2028| 
INFO:NanoDet:Train|Epoch17/50|Iter1300(53/78)| mem:7.54G| lr:1.00e-03| loss_qfl:0.3893| loss_bbox:0.3962| loss_dfl:0.2143| aux_loss_qfl:0.3542| aux_loss_bbox:0.3680| aux_loss_dfl:0.2028| 
[NanoDet][01-24 23:35:23]INFO:Train|Epoch18/50|Iter1350(25/78)| mem:7.54G| lr:1.00e-03| loss_qfl:0.4578| loss_bbox:0.4063| loss_dfl:0.2233| aux_loss_qfl:0.4346| aux_loss_bbox:0.3729| aux_loss_dfl:0.2113| 
INFO:NanoDet:Train|Epoch18/50|Iter1350(25/78)| mem:7.54G| lr:1.00e-03| loss_qfl:0.4578| loss_bbox:0.4063| loss_dfl:0.2233| aux_loss_qfl:0.4346| aux_loss_bbox:0.3729| aux_loss_dfl:0.2113| 
[NanoDet][01-24 23:35:43]INFO:Train|Epoch18/50|Iter1400(75/78)| mem:7.54G| lr:1.00e-03| loss_qfl:0.4094| loss_bbox:0.4392| loss_dfl:0.2370| aux_loss_qfl:0.4069| aux_loss_bbox:0.3988| aux_loss_dfl:0.2192| 
INFO:NanoDet:Train|Epoch18/50|Iter1400(75/78)| mem:7.54G| lr:1.00e-03| loss_qfl:0.4094| loss_bbox:0.4392| loss_dfl:0.2370| aux_loss_qfl:0.4069| aux_loss_bbox:0.3988| aux_loss_dfl:0.2192| 
[NanoDet][01-24 23:36:10]INFO:Train|Epoch19/50|Iter1450(47/78)| mem:7.54G| lr:1.00e-03| loss_qfl:0.4275| loss_bbox:0.4425| loss_dfl:0.2318| aux_loss_qfl:0.4142| aux_loss_bbox:0.4149| aux_loss_dfl:0.2212| 
INFO:NanoDet:Train|Epoch19/50|Iter1450(47/78)| mem:7.54G| lr:1.00e-03| loss_qfl:0.4275| loss_bbox:0.4425| loss_dfl:0.2318| aux_loss_qfl:0.4142| aux_loss_bbox:0.4149| aux_loss_dfl:0.2212| 
[NanoDet][01-24 23:36:47]INFO:Train|Epoch20/50|Iter1500(19/78)| mem:7.54G| lr:1.00e-03| loss_qfl:0.4248| loss_bbox:0.4249| loss_dfl:0.2284| aux_loss_qfl:0.4040| aux_loss_bbox:0.3925| aux_loss_dfl:0.2194| 
INFO:NanoDet:Train|Epoch20/50|Iter1500(19/78)| mem:7.54G| lr:1.00e-03| loss_qfl:0.4248| loss_bbox:0.4249| loss_dfl:0.2284| aux_loss_qfl:0.4040| aux_loss_bbox:0.3925| aux_loss_dfl:0.2194| 
[NanoDet][01-24 23:37:22]INFO:Train|Epoch20/50|Iter1550(69/78)| mem:7.54G| lr:1.00e-03| loss_qfl:0.3710| loss_bbox:0.3906| loss_dfl:0.2045| aux_loss_qfl:0.3412| aux_loss_bbox:0.3474| aux_loss_dfl:0.1903| 
INFO:NanoDet:Train|Epoch20/50|Iter1550(69/78)| mem:7.54G| lr:1.00e-03| loss_qfl:0.3710| loss_bbox:0.3906| loss_dfl:0.2045| aux_loss_qfl:0.3412| aux_loss_bbox:0.3474| aux_loss_dfl:0.1903| 
[NanoDet][01-24 23:37:31]INFO:Val|Epoch20/50|Iter1560(1/78)| mem:7.54G| lr:1.00e-03| loss_qfl:0.4540| loss_bbox:0.4075| loss_dfl:0.2272| aux_loss_qfl:0.4337| aux_loss_bbox:0.3672| aux_loss_dfl:0.2113| 
INFO:NanoDet:Val|Epoch20/50|Iter1560(1/78)| mem:7.54G| lr:1.00e-03| loss_qfl:0.4540| loss_bbox:0.4075| loss_dfl:0.2272| aux_loss_qfl:0.4337| aux_loss_bbox:0.3672| aux_loss_dfl:0.2113| 
[NanoDet][01-24 23:38:03]INFO:Val|Epoch20/50|Iter1560(51/78)| mem:7.54G| lr:1.00e-03| loss_qfl:0.4832| loss_bbox:0.4477| loss_dfl:0.2451| aux_loss_qfl:0.4483| aux_loss_bbox:0.3963| aux_loss_dfl:0.2287| 
INFO:NanoDet:Val|Epoch20/50|Iter1560(51/78)| mem:7.54G| lr:1.00e-03| loss_qfl:0.4832| loss_bbox:0.4477| loss_dfl:0.2451| aux_loss_qfl:0.4483| aux_loss_bbox:0.3963| aux_loss_dfl:0.2287| 
[NanoDet][01-24 23:38:56]INFO:
 Average Precision  (AP) @[ IoU=0.50:0.95 | area=   all | maxDets=100 ] = 0.270
 Average Precision  (AP) @[ IoU=0.50      | area=   all | maxDets=100 ] = 0.474
 Average Precision  (AP) @[ IoU=0.75      | area=   all | maxDets=100 ] = 0.271
 Average Precision  (AP) @[ IoU=0.50:0.95 | area= small | maxDets=100 ] = 0.014
 Average Precision  (AP) @[ IoU=0.50:0.95 | area=medium | maxDets=100 ] = 0.100
 Average Precision  (AP) @[ IoU=0.50:0.95 | area= large | maxDets=100 ] = 0.369
 Average Recall     (AR) @[ IoU=0.50:0.95 | area=   all | maxDets=  1 ] = 0.304
 Average Recall     (AR) @[ IoU=0.50:0.95 | area=   all | maxDets= 10 ] = 0.448
 Average Recall     (AR) @[ IoU=0.50:0.95 | area=   all | maxDets=100 ] = 0.476
 Average Recall     (AR) @[ IoU=0.50:0.95 | area= small | maxDets=100 ] = 0.040
 Average Recall     (AR) @[ IoU=0.50:0.95 | area=medium | maxDets=100 ] = 0.312
 Average Recall     (AR) @[ IoU=0.50:0.95 | area= large | maxDets=100 ] = 0.599

INFO:NanoDet:
 Average Precision  (AP) @[ IoU=0.50:0.95 | area=   all | maxDets=100 ] = 0.270
 Average Precision  (AP) @[ IoU=0.50      | area=   all | maxDets=100 ] = 0.474
 Average Precision  (AP) @[ IoU=0.75      | area=   all | maxDets=100 ] = 0.271
 Average Precision  (AP) @[ IoU=0.50:0.95 | area= small | maxDets=100 ] = 0.014
 Average Precision  (AP) @[ IoU=0.50:0.95 | area=medium | maxDets=100 ] = 0.100
 Average Precision  (AP) @[ IoU=0.50:0.95 | area= large | maxDets=100 ] = 0.369
 Average Recall     (AR) @[ IoU=0.50:0.95 | area=   all | maxDets=  1 ] = 0.304
 Average Recall     (AR) @[ IoU=0.50:0.95 | area=   all | maxDets= 10 ] = 0.448
 Average Recall     (AR) @[ IoU=0.50:0.95 | area=   all | maxDets=100 ] = 0.476
 Average Recall     (AR) @[ IoU=0.50:0.95 | area= small | maxDets=100 ] = 0.040
 Average Recall     (AR) @[ IoU=0.50:0.95 | area=medium | maxDets=100 ] = 0.312
 Average Recall     (AR) @[ IoU=0.50:0.95 | area= large | maxDets=100 ] = 0.599

[NanoDet][01-24 23:38:56]INFO:
| class       | AP50   | mAP   | class       | AP50   | mAP   |
|:------------|:-------|:------|:------------|:-------|:------|
| aeroplane   | 56.5   | 33.2  | bicycle     | 60.3   | 34.4  |
| bird        | 39.4   | 20.1  | boat        | 28.3   | 14.2  |
| bottle      | 12.5   | 4.8   | bus         | 53.4   | 37.6  |
| car         | 57.6   | 37.6  | cat         | 66.2   | 42.4  |
| chair       | 22.8   | 9.8   | cow         | 44.4   | 23.0  |
| diningtable | 52.4   | 30.9  | dog         | 52.3   | 29.9  |
| horse       | 65.2   | 32.5  | motorbike   | 59.7   | 35.8  |
| person      | 60.0   | 31.1  | pottedplant | 24.3   | 10.0  |
| sheep       | 32.0   | 18.1  | sofa        | 48.2   | 29.4  |
| train       | 64.8   | 39.6  | tvmonitor   | 47.3   | 25.7  |
INFO:NanoDet:
| class       | AP50   | mAP   | class       | AP50   | mAP   |
|:------------|:-------|:------|:------------|:-------|:------|
| aeroplane   | 56.5   | 33.2  | bicycle     | 60.3   | 34.4  |
| bird        | 39.4   | 20.1  | boat        | 28.3   | 14.2  |
| bottle      | 12.5   | 4.8   | bus         | 53.4   | 37.6  |
| car         | 57.6   | 37.6  | cat         | 66.2   | 42.4  |
| chair       | 22.8   | 9.8   | cow         | 44.4   | 23.0  |
| diningtable | 52.4   | 30.9  | dog         | 52.3   | 29.9  |
| horse       | 65.2   | 32.5  | motorbike   | 59.7   | 35.8  |
| person      | 60.0   | 31.1  | pottedplant | 24.3   | 10.0  |
| sheep       | 32.0   | 18.1  | sofa        | 48.2   | 29.4  |
| train       | 64.8   | 39.6  | tvmonitor   | 47.3   | 25.7  |
[NanoDet][01-24 23:38:57]INFO:Saving model to workspace/nanodet-plus-m_320_voc/model_best/nanodet_model_best.pth
INFO:NanoDet:Saving model to workspace/nanodet-plus-m_320_voc/model_best/nanodet_model_best.pth
[NanoDet][01-24 23:38:57]INFO:Val_metrics: {'mAP': 0.2699558946617349, 'AP_50': 0.47379100289144, 'AP_75': 0.27068344403339883, 'AP_small': 0.013944716703199923, 'AP_m': 0.0998141868530534, 'AP_l': 0.36921901436389093}
INFO:NanoDet:Val_metrics: {'mAP': 0.2699558946617349, 'AP_50': 0.47379100289144, 'AP_75': 0.27068344403339883, 'AP_small': 0.013944716703199923, 'AP_m': 0.0998141868530534, 'AP_l': 0.36921901436389093}
Loading and preparing results...
DONE (t=2.38s)
creating index...
index created!
Running per image evaluation...
Evaluate annotation type *bbox*
DONE (t=15.99s).
Accumulating evaluation results...
DONE (t=5.42s).
[NanoDet][01-24 23:39:28]INFO:Train|Epoch21/50|Iter1600(41/78)| mem:7.54G| lr:1.00e-03| loss_qfl:0.3749| loss_bbox:0.3932| loss_dfl:0.2164| aux_loss_qfl:0.3519| aux_loss_bbox:0.3561| aux_loss_dfl:0.2038| 
INFO:NanoDet:Train|Epoch21/50|Iter1600(41/78)| mem:7.54G| lr:1.00e-03| loss_qfl:0.3749| loss_bbox:0.3932| loss_dfl:0.2164| aux_loss_qfl:0.3519| aux_loss_bbox:0.3561| aux_loss_dfl:0.2038| 
[NanoDet][01-24 23:40:05]INFO:Train|Epoch22/50|Iter1650(13/78)| mem:7.54G| lr:1.00e-03| loss_qfl:0.3577| loss_bbox:0.4029| loss_dfl:0.2114| aux_loss_qfl:0.3203| aux_loss_bbox:0.3637| aux_loss_dfl:0.1993| 
INFO:NanoDet:Train|Epoch22/50|Iter1650(13/78)| mem:7.54G| lr:1.00e-03| loss_qfl:0.3577| loss_bbox:0.4029| loss_dfl:0.2114| aux_loss_qfl:0.3203| aux_loss_bbox:0.3637| aux_loss_dfl:0.1993| 
[NanoDet][01-24 23:40:40]INFO:Train|Epoch22/50|Iter1700(63/78)| mem:7.54G| lr:1.00e-03| loss_qfl:0.3889| loss_bbox:0.3885| loss_dfl:0.2100| aux_loss_qfl:0.3886| aux_loss_bbox:0.3452| aux_loss_dfl:0.1953| 
INFO:NanoDet:Train|Epoch22/50|Iter1700(63/78)| mem:7.54G| lr:1.00e-03| loss_qfl:0.3889| loss_bbox:0.3885| loss_dfl:0.2100| aux_loss_qfl:0.3886| aux_loss_bbox:0.3452| aux_loss_dfl:0.1953| 
[NanoDet][01-24 23:41:18]INFO:Train|Epoch23/50|Iter1750(35/78)| mem:7.54G| lr:1.00e-03| loss_qfl:0.3689| loss_bbox:0.3984| loss_dfl:0.2136| aux_loss_qfl:0.3561| aux_loss_bbox:0.3683| aux_loss_dfl:0.2035| 
INFO:NanoDet:Train|Epoch23/50|Iter1750(35/78)| mem:7.54G| lr:1.00e-03| loss_qfl:0.3689| loss_bbox:0.3984| loss_dfl:0.2136| aux_loss_qfl:0.3561| aux_loss_bbox:0.3683| aux_loss_dfl:0.2035| 
[NanoDet][01-24 23:41:55]INFO:Train|Epoch24/50|Iter1800(7/78)| mem:7.54G| lr:1.00e-03| loss_qfl:0.3779| loss_bbox:0.3890| loss_dfl:0.2113| aux_loss_qfl:0.3557| aux_loss_bbox:0.3660| aux_loss_dfl:0.2022| 
INFO:NanoDet:Train|Epoch24/50|Iter1800(7/78)| mem:7.54G| lr:1.00e-03| loss_qfl:0.3779| loss_bbox:0.3890| loss_dfl:0.2113| aux_loss_qfl:0.3557| aux_loss_bbox:0.3660| aux_loss_dfl:0.2022| 
[NanoDet][01-24 23:42:32]INFO:Train|Epoch24/50|Iter1850(57/78)| mem:7.54G| lr:1.00e-03| loss_qfl:0.3693| loss_bbox:0.3577| loss_dfl:0.2020| aux_loss_qfl:0.3460| aux_loss_bbox:0.3314| aux_loss_dfl:0.1886| 
INFO:NanoDet:Train|Epoch24/50|Iter1850(57/78)| mem:7.54G| lr:1.00e-03| loss_qfl:0.3693| loss_bbox:0.3577| loss_dfl:0.2020| aux_loss_qfl:0.3460| aux_loss_bbox:0.3314| aux_loss_dfl:0.1886| 
[NanoDet][01-24 23:43:09]INFO:Train|Epoch25/50|Iter1900(29/78)| mem:7.54G| lr:1.00e-03| loss_qfl:0.3887| loss_bbox:0.4256| loss_dfl:0.2274| aux_loss_qfl:0.3670| aux_loss_bbox:0.3843| aux_loss_dfl:0.2143| 
INFO:NanoDet:Train|Epoch25/50|Iter1900(29/78)| mem:7.54G| lr:1.00e-03| loss_qfl:0.3887| loss_bbox:0.4256| loss_dfl:0.2274| aux_loss_qfl:0.3670| aux_loss_bbox:0.3843| aux_loss_dfl:0.2143| 
[NanoDet][01-24 23:43:48]INFO:Train|Epoch26/50|Iter1950(1/78)| mem:7.54G| lr:1.00e-03| loss_qfl:0.3781| loss_bbox:0.3817| loss_dfl:0.2141| aux_loss_qfl:0.3638| aux_loss_bbox:0.3568| aux_loss_dfl:0.2041| 
INFO:NanoDet:Train|Epoch26/50|Iter1950(1/78)| mem:7.54G| lr:1.00e-03| loss_qfl:0.3781| loss_bbox:0.3817| loss_dfl:0.2141| aux_loss_qfl:0.3638| aux_loss_bbox:0.3568| aux_loss_dfl:0.2041| 
[NanoDet][01-24 23:44:25]INFO:Train|Epoch26/50|Iter2000(51/78)| mem:7.54G| lr:1.00e-03| loss_qfl:0.3604| loss_bbox:0.4061| loss_dfl:0.2179| aux_loss_qfl:0.3453| aux_loss_bbox:0.3727| aux_loss_dfl:0.2079| 
INFO:NanoDet:Train|Epoch26/50|Iter2000(51/78)| mem:7.54G| lr:1.00e-03| loss_qfl:0.3604| loss_bbox:0.4061| loss_dfl:0.2179| aux_loss_qfl:0.3453| aux_loss_bbox:0.3727| aux_loss_dfl:0.2079| 
[NanoDet][01-24 23:45:03]INFO:Train|Epoch27/50|Iter2050(23/78)| mem:7.54G| lr:1.00e-03| loss_qfl:0.4259| loss_bbox:0.3531| loss_dfl:0.2038| aux_loss_qfl:0.3994| aux_loss_bbox:0.3170| aux_loss_dfl:0.1921| 
INFO:NanoDet:Train|Epoch27/50|Iter2050(23/78)| mem:7.54G| lr:1.00e-03| loss_qfl:0.4259| loss_bbox:0.3531| loss_dfl:0.2038| aux_loss_qfl:0.3994| aux_loss_bbox:0.3170| aux_loss_dfl:0.1921| 
[NanoDet][01-24 23:45:39]INFO:Train|Epoch27/50|Iter2100(73/78)| mem:7.54G| lr:1.00e-03| loss_qfl:0.3782| loss_bbox:0.3939| loss_dfl:0.2107| aux_loss_qfl:0.3695| aux_loss_bbox:0.3610| aux_loss_dfl:0.1996| 
INFO:NanoDet:Train|Epoch27/50|Iter2100(73/78)| mem:7.54G| lr:1.00e-03| loss_qfl:0.3782| loss_bbox:0.3939| loss_dfl:0.2107| aux_loss_qfl:0.3695| aux_loss_bbox:0.3610| aux_loss_dfl:0.1996| 
[NanoDet][01-24 23:46:17]INFO:Train|Epoch28/50|Iter2150(45/78)| mem:7.54G| lr:1.00e-03| loss_qfl:0.3347| loss_bbox:0.3440| loss_dfl:0.2028| aux_loss_qfl:0.3156| aux_loss_bbox:0.3107| aux_loss_dfl:0.1927| 
INFO:NanoDet:Train|Epoch28/50|Iter2150(45/78)| mem:7.54G| lr:1.00e-03| loss_qfl:0.3347| loss_bbox:0.3440| loss_dfl:0.2028| aux_loss_qfl:0.3156| aux_loss_bbox:0.3107| aux_loss_dfl:0.1927| 
[NanoDet][01-24 23:46:55]INFO:Train|Epoch29/50|Iter2200(17/78)| mem:7.54G| lr:1.00e-03| loss_qfl:0.3381| loss_bbox:0.3518| loss_dfl:0.1992| aux_loss_qfl:0.3333| aux_loss_bbox:0.3176| aux_loss_dfl:0.1880| 
INFO:NanoDet:Train|Epoch29/50|Iter2200(17/78)| mem:7.54G| lr:1.00e-03| loss_qfl:0.3381| loss_bbox:0.3518| loss_dfl:0.1992| aux_loss_qfl:0.3333| aux_loss_bbox:0.3176| aux_loss_dfl:0.1880| 
[NanoDet][01-24 23:47:32]INFO:Train|Epoch29/50|Iter2250(67/78)| mem:7.54G| lr:1.00e-03| loss_qfl:0.3397| loss_bbox:0.3882| loss_dfl:0.2064| aux_loss_qfl:0.3360| aux_loss_bbox:0.3428| aux_loss_dfl:0.1926| 
INFO:NanoDet:Train|Epoch29/50|Iter2250(67/78)| mem:7.54G| lr:1.00e-03| loss_qfl:0.3397| loss_bbox:0.3882| loss_dfl:0.2064| aux_loss_qfl:0.3360| aux_loss_bbox:0.3428| aux_loss_dfl:0.1926| 
[NanoDet][01-24 23:48:03]INFO:Train|Epoch30/50|Iter2300(39/78)| mem:7.54G| lr:1.00e-03| loss_qfl:0.3523| loss_bbox:0.4104| loss_dfl:0.2197| aux_loss_qfl:0.3360| aux_loss_bbox:0.3853| aux_loss_dfl:0.2143| 
INFO:NanoDet:Train|Epoch30/50|Iter2300(39/78)| mem:7.54G| lr:1.00e-03| loss_qfl:0.3523| loss_bbox:0.4104| loss_dfl:0.2197| aux_loss_qfl:0.3360| aux_loss_bbox:0.3853| aux_loss_dfl:0.2143| 
[NanoDet][01-24 23:48:25]INFO:Val|Epoch30/50|Iter2340(1/78)| mem:7.54G| lr:1.00e-04| loss_qfl:0.4190| loss_bbox:0.3990| loss_dfl:0.2197| aux_loss_qfl:0.3886| aux_loss_bbox:0.3492| aux_loss_dfl:0.2061| 
INFO:NanoDet:Val|Epoch30/50|Iter2340(1/78)| mem:7.54G| lr:1.00e-04| loss_qfl:0.4190| loss_bbox:0.3990| loss_dfl:0.2197| aux_loss_qfl:0.3886| aux_loss_bbox:0.3492| aux_loss_dfl:0.2061| 
[NanoDet][01-24 23:48:44]INFO:Val|Epoch30/50|Iter2340(51/78)| mem:7.54G| lr:1.00e-04| loss_qfl:0.4639| loss_bbox:0.4214| loss_dfl:0.2331| aux_loss_qfl:0.4293| aux_loss_bbox:0.3753| aux_loss_dfl:0.2206| 
INFO:NanoDet:Val|Epoch30/50|Iter2340(51/78)| mem:7.54G| lr:1.00e-04| loss_qfl:0.4639| loss_bbox:0.4214| loss_dfl:0.2331| aux_loss_qfl:0.4293| aux_loss_bbox:0.3753| aux_loss_dfl:0.2206| 
[NanoDet][01-24 23:49:31]INFO:
 Average Precision  (AP) @[ IoU=0.50:0.95 | area=   all | maxDets=100 ] = 0.273
 Average Precision  (AP) @[ IoU=0.50      | area=   all | maxDets=100 ] = 0.473
 Average Precision  (AP) @[ IoU=0.75      | area=   all | maxDets=100 ] = 0.271
 Average Precision  (AP) @[ IoU=0.50:0.95 | area= small | maxDets=100 ] = 0.017
 Average Precision  (AP) @[ IoU=0.50:0.95 | area=medium | maxDets=100 ] = 0.110
 Average Precision  (AP) @[ IoU=0.50:0.95 | area= large | maxDets=100 ] = 0.369
 Average Recall     (AR) @[ IoU=0.50:0.95 | area=   all | maxDets=  1 ] = 0.309
 Average Recall     (AR) @[ IoU=0.50:0.95 | area=   all | maxDets= 10 ] = 0.458
 Average Recall     (AR) @[ IoU=0.50:0.95 | area=   all | maxDets=100 ] = 0.488
 Average Recall     (AR) @[ IoU=0.50:0.95 | area= small | maxDets=100 ] = 0.029
 Average Recall     (AR) @[ IoU=0.50:0.95 | area=medium | maxDets=100 ] = 0.339
 Average Recall     (AR) @[ IoU=0.50:0.95 | area= large | maxDets=100 ] = 0.609

INFO:NanoDet:
 Average Precision  (AP) @[ IoU=0.50:0.95 | area=   all | maxDets=100 ] = 0.273
 Average Precision  (AP) @[ IoU=0.50      | area=   all | maxDets=100 ] = 0.473
 Average Precision  (AP) @[ IoU=0.75      | area=   all | maxDets=100 ] = 0.271
 Average Precision  (AP) @[ IoU=0.50:0.95 | area= small | maxDets=100 ] = 0.017
 Average Precision  (AP) @[ IoU=0.50:0.95 | area=medium | maxDets=100 ] = 0.110
 Average Precision  (AP) @[ IoU=0.50:0.95 | area= large | maxDets=100 ] = 0.369
 Average Recall     (AR) @[ IoU=0.50:0.95 | area=   all | maxDets=  1 ] = 0.309
 Average Recall     (AR) @[ IoU=0.50:0.95 | area=   all | maxDets= 10 ] = 0.458
 Average Recall     (AR) @[ IoU=0.50:0.95 | area=   all | maxDets=100 ] = 0.488
 Average Recall     (AR) @[ IoU=0.50:0.95 | area= small | maxDets=100 ] = 0.029
 Average Recall     (AR) @[ IoU=0.50:0.95 | area=medium | maxDets=100 ] = 0.339
 Average Recall     (AR) @[ IoU=0.50:0.95 | area= large | maxDets=100 ] = 0.609

[NanoDet][01-24 23:49:31]INFO:
| class       | AP50   | mAP   | class       | AP50   | mAP   |
|:------------|:-------|:------|:------------|:-------|:------|
| aeroplane   | 59.4   | 32.9  | bicycle     | 58.7   | 34.4  |
| bird        | 41.3   | 20.7  | boat        | 29.4   | 13.7  |
| bottle      | 10.8   | 4.6   | bus         | 40.4   | 29.0  |
| car         | 58.8   | 38.8  | cat         | 65.7   | 41.0  |
| chair       | 22.7   | 10.1  | cow         | 35.5   | 20.4  |
| diningtable | 49.7   | 29.0  | dog         | 62.9   | 37.5  |
| horse       | 68.5   | 39.3  | motorbike   | 56.8   | 33.1  |
| person      | 58.9   | 31.2  | pottedplant | 29.4   | 12.5  |
| sheep       | 38.6   | 20.6  | sofa        | 47.1   | 28.6  |
| train       | 63.4   | 40.9  | tvmonitor   | 48.1   | 27.1  |
INFO:NanoDet:
| class       | AP50   | mAP   | class       | AP50   | mAP   |
|:------------|:-------|:------|:------------|:-------|:------|
| aeroplane   | 59.4   | 32.9  | bicycle     | 58.7   | 34.4  |
| bird        | 41.3   | 20.7  | boat        | 29.4   | 13.7  |
| bottle      | 10.8   | 4.6   | bus         | 40.4   | 29.0  |
| car         | 58.8   | 38.8  | cat         | 65.7   | 41.0  |
| chair       | 22.7   | 10.1  | cow         | 35.5   | 20.4  |
| diningtable | 49.7   | 29.0  | dog         | 62.9   | 37.5  |
| horse       | 68.5   | 39.3  | motorbike   | 56.8   | 33.1  |
| person      | 58.9   | 31.2  | pottedplant | 29.4   | 12.5  |
| sheep       | 38.6   | 20.6  | sofa        | 47.1   | 28.6  |
| train       | 63.4   | 40.9  | tvmonitor   | 48.1   | 27.1  |
[NanoDet][01-24 23:49:33]INFO:Saving model to workspace/nanodet-plus-m_320_voc/model_best/nanodet_model_best.pth
INFO:NanoDet:Saving model to workspace/nanodet-plus-m_320_voc/model_best/nanodet_model_best.pth
[NanoDet][01-24 23:49:33]INFO:Val_metrics: {'mAP': 0.2726072179281674, 'AP_50': 0.4730190986597253, 'AP_75': 0.27149979911898187, 'AP_small': 0.016500201317868356, 'AP_m': 0.10991056477622511, 'AP_l': 0.3690272828857747}
INFO:NanoDet:Val_metrics: {'mAP': 0.2726072179281674, 'AP_50': 0.4730190986597253, 'AP_75': 0.27149979911898187, 'AP_small': 0.016500201317868356, 'AP_m': 0.10991056477622511, 'AP_l': 0.3690272828857747}
Loading and preparing results...
DONE (t=2.34s)
creating index...
index created!
Running per image evaluation...
Evaluate annotation type *bbox*
DONE (t=16.23s).
Accumulating evaluation results...
DONE (t=5.67s).
[NanoDet][01-24 23:49:40]INFO:Train|Epoch31/50|Iter2350(11/78)| mem:7.54G| lr:1.00e-04| loss_qfl:0.3668| loss_bbox:0.3910| loss_dfl:0.2146| aux_loss_qfl:0.3432| aux_loss_bbox:0.3554| aux_loss_dfl:0.2003| 
INFO:NanoDet:Train|Epoch31/50|Iter2350(11/78)| mem:7.54G| lr:1.00e-04| loss_qfl:0.3668| loss_bbox:0.3910| loss_dfl:0.2146| aux_loss_qfl:0.3432| aux_loss_bbox:0.3554| aux_loss_dfl:0.2003| 
[NanoDet][01-24 23:50:06]INFO:Train|Epoch31/50|Iter2400(61/78)| mem:7.54G| lr:1.00e-04| loss_qfl:0.3244| loss_bbox:0.3624| loss_dfl:0.2013| aux_loss_qfl:0.2989| aux_loss_bbox:0.3404| aux_loss_dfl:0.1954| 
INFO:NanoDet:Train|Epoch31/50|Iter2400(61/78)| mem:7.54G| lr:1.00e-04| loss_qfl:0.3244| loss_bbox:0.3624| loss_dfl:0.2013| aux_loss_qfl:0.2989| aux_loss_bbox:0.3404| aux_loss_dfl:0.1954| 
[NanoDet][01-24 23:50:33]INFO:Train|Epoch32/50|Iter2450(33/78)| mem:7.55G| lr:1.00e-04| loss_qfl:0.3230| loss_bbox:0.3709| loss_dfl:0.2072| aux_loss_qfl:0.3010| aux_loss_bbox:0.3410| aux_loss_dfl:0.1962| 
INFO:NanoDet:Train|Epoch32/50|Iter2450(33/78)| mem:7.55G| lr:1.00e-04| loss_qfl:0.3230| loss_bbox:0.3709| loss_dfl:0.2072| aux_loss_qfl:0.3010| aux_loss_bbox:0.3410| aux_loss_dfl:0.1962| 
[NanoDet][01-24 23:50:59]INFO:Train|Epoch33/50|Iter2500(5/78)| mem:7.55G| lr:1.00e-04| loss_qfl:0.3203| loss_bbox:0.3490| loss_dfl:0.1985| aux_loss_qfl:0.2998| aux_loss_bbox:0.3185| aux_loss_dfl:0.1894| 
INFO:NanoDet:Train|Epoch33/50|Iter2500(5/78)| mem:7.55G| lr:1.00e-04| loss_qfl:0.3203| loss_bbox:0.3490| loss_dfl:0.1985| aux_loss_qfl:0.2998| aux_loss_bbox:0.3185| aux_loss_dfl:0.1894| 
[NanoDet][01-24 23:51:19]INFO:Train|Epoch33/50|Iter2550(55/78)| mem:7.55G| lr:1.00e-04| loss_qfl:0.3421| loss_bbox:0.3836| loss_dfl:0.2109| aux_loss_qfl:0.3166| aux_loss_bbox:0.3484| aux_loss_dfl:0.2005| 
INFO:NanoDet:Train|Epoch33/50|Iter2550(55/78)| mem:7.55G| lr:1.00e-04| loss_qfl:0.3421| loss_bbox:0.3836| loss_dfl:0.2109| aux_loss_qfl:0.3166| aux_loss_bbox:0.3484| aux_loss_dfl:0.2005| 
[NanoDet][01-24 23:51:45]INFO:Train|Epoch34/50|Iter2600(27/78)| mem:7.55G| lr:1.00e-04| loss_qfl:0.3397| loss_bbox:0.3359| loss_dfl:0.1931| aux_loss_qfl:0.2960| aux_loss_bbox:0.3035| aux_loss_dfl:0.1805| 
INFO:NanoDet:Train|Epoch34/50|Iter2600(27/78)| mem:7.55G| lr:1.00e-04| loss_qfl:0.3397| loss_bbox:0.3359| loss_dfl:0.1931| aux_loss_qfl:0.2960| aux_loss_bbox:0.3035| aux_loss_dfl:0.1805| 
[NanoDet][01-24 23:52:20]INFO:Train|Epoch34/50|Iter2650(77/78)| mem:7.55G| lr:1.00e-04| loss_qfl:0.2904| loss_bbox:0.3355| loss_dfl:0.1918| aux_loss_qfl:0.2667| aux_loss_bbox:0.3042| aux_loss_dfl:0.1815| 
INFO:NanoDet:Train|Epoch34/50|Iter2650(77/78)| mem:7.55G| lr:1.00e-04| loss_qfl:0.2904| loss_bbox:0.3355| loss_dfl:0.1918| aux_loss_qfl:0.2667| aux_loss_bbox:0.3042| aux_loss_dfl:0.1815| 
[NanoDet][01-24 23:52:57]INFO:Train|Epoch35/50|Iter2700(49/78)| mem:7.55G| lr:1.00e-04| loss_qfl:0.2891| loss_bbox:0.3259| loss_dfl:0.1915| aux_loss_qfl:0.2651| aux_loss_bbox:0.2816| aux_loss_dfl:0.1771| 
INFO:NanoDet:Train|Epoch35/50|Iter2700(49/78)| mem:7.55G| lr:1.00e-04| loss_qfl:0.2891| loss_bbox:0.3259| loss_dfl:0.1915| aux_loss_qfl:0.2651| aux_loss_bbox:0.2816| aux_loss_dfl:0.1771| 
[NanoDet][01-24 23:53:35]INFO:Train|Epoch36/50|Iter2750(21/78)| mem:7.55G| lr:1.00e-04| loss_qfl:0.2985| loss_bbox:0.3638| loss_dfl:0.1921| aux_loss_qfl:0.2814| aux_loss_bbox:0.3303| aux_loss_dfl:0.1843| 
INFO:NanoDet:Train|Epoch36/50|Iter2750(21/78)| mem:7.55G| lr:1.00e-04| loss_qfl:0.2985| loss_bbox:0.3638| loss_dfl:0.1921| aux_loss_qfl:0.2814| aux_loss_bbox:0.3303| aux_loss_dfl:0.1843| 
[NanoDet][01-24 23:54:10]INFO:Train|Epoch36/50|Iter2800(71/78)| mem:7.55G| lr:1.00e-04| loss_qfl:0.2835| loss_bbox:0.3463| loss_dfl:0.2023| aux_loss_qfl:0.2650| aux_loss_bbox:0.3074| aux_loss_dfl:0.1900| 
INFO:NanoDet:Train|Epoch36/50|Iter2800(71/78)| mem:7.55G| lr:1.00e-04| loss_qfl:0.2835| loss_bbox:0.3463| loss_dfl:0.2023| aux_loss_qfl:0.2650| aux_loss_bbox:0.3074| aux_loss_dfl:0.1900| 
[NanoDet][01-24 23:54:47]INFO:Train|Epoch37/50|Iter2850(43/78)| mem:7.55G| lr:1.00e-04| loss_qfl:0.2744| loss_bbox:0.3493| loss_dfl:0.1990| aux_loss_qfl:0.2508| aux_loss_bbox:0.3187| aux_loss_dfl:0.1904| 
INFO:NanoDet:Train|Epoch37/50|Iter2850(43/78)| mem:7.55G| lr:1.00e-04| loss_qfl:0.2744| loss_bbox:0.3493| loss_dfl:0.1990| aux_loss_qfl:0.2508| aux_loss_bbox:0.3187| aux_loss_dfl:0.1904| 
[NanoDet][01-24 23:55:25]INFO:Train|Epoch38/50|Iter2900(15/78)| mem:7.55G| lr:1.00e-04| loss_qfl:0.2884| loss_bbox:0.3078| loss_dfl:0.1807| aux_loss_qfl:0.2591| aux_loss_bbox:0.2698| aux_loss_dfl:0.1692| 
INFO:NanoDet:Train|Epoch38/50|Iter2900(15/78)| mem:7.55G| lr:1.00e-04| loss_qfl:0.2884| loss_bbox:0.3078| loss_dfl:0.1807| aux_loss_qfl:0.2591| aux_loss_bbox:0.2698| aux_loss_dfl:0.1692| 
[NanoDet][01-24 23:56:01]INFO:Train|Epoch38/50|Iter2950(65/78)| mem:7.55G| lr:1.00e-04| loss_qfl:0.3153| loss_bbox:0.3521| loss_dfl:0.2014| aux_loss_qfl:0.2836| aux_loss_bbox:0.3229| aux_loss_dfl:0.1904| 
INFO:NanoDet:Train|Epoch38/50|Iter2950(65/78)| mem:7.55G| lr:1.00e-04| loss_qfl:0.3153| loss_bbox:0.3521| loss_dfl:0.2014| aux_loss_qfl:0.2836| aux_loss_bbox:0.3229| aux_loss_dfl:0.1904| 
[NanoDet][01-24 23:56:38]INFO:Train|Epoch39/50|Iter3000(37/78)| mem:7.55G| lr:1.00e-04| loss_qfl:0.3352| loss_bbox:0.3614| loss_dfl:0.1995| aux_loss_qfl:0.2927| aux_loss_bbox:0.3231| aux_loss_dfl:0.1880| 
INFO:NanoDet:Train|Epoch39/50|Iter3000(37/78)| mem:7.55G| lr:1.00e-04| loss_qfl:0.3352| loss_bbox:0.3614| loss_dfl:0.1995| aux_loss_qfl:0.2927| aux_loss_bbox:0.3231| aux_loss_dfl:0.1880| 
[NanoDet][01-24 23:57:16]INFO:Train|Epoch40/50|Iter3050(9/78)| mem:7.55G| lr:1.00e-04| loss_qfl:0.2736| loss_bbox:0.3222| loss_dfl:0.1903| aux_loss_qfl:0.2524| aux_loss_bbox:0.2897| aux_loss_dfl:0.1810| 
INFO:NanoDet:Train|Epoch40/50|Iter3050(9/78)| mem:7.55G| lr:1.00e-04| loss_qfl:0.2736| loss_bbox:0.3222| loss_dfl:0.1903| aux_loss_qfl:0.2524| aux_loss_bbox:0.2897| aux_loss_dfl:0.1810| 
[NanoDet][01-24 23:57:52]INFO:Train|Epoch40/50|Iter3100(59/78)| mem:7.55G| lr:1.00e-04| loss_qfl:0.2930| loss_bbox:0.3546| loss_dfl:0.1977| aux_loss_qfl:0.2721| aux_loss_bbox:0.3347| aux_loss_dfl:0.1891| 
INFO:NanoDet:Train|Epoch40/50|Iter3100(59/78)| mem:7.55G| lr:1.00e-04| loss_qfl:0.2930| loss_bbox:0.3546| loss_dfl:0.1977| aux_loss_qfl:0.2721| aux_loss_bbox:0.3347| aux_loss_dfl:0.1891| 
[NanoDet][01-24 23:58:08]INFO:Val|Epoch40/50|Iter3120(1/78)| mem:7.55G| lr:1.00e-04| loss_qfl:0.3715| loss_bbox:0.3643| loss_dfl:0.2054| aux_loss_qfl:0.3648| aux_loss_bbox:0.3347| aux_loss_dfl:0.1975| 
INFO:NanoDet:Val|Epoch40/50|Iter3120(1/78)| mem:7.55G| lr:1.00e-04| loss_qfl:0.3715| loss_bbox:0.3643| loss_dfl:0.2054| aux_loss_qfl:0.3648| aux_loss_bbox:0.3347| aux_loss_dfl:0.1975| 
[NanoDet][01-24 23:58:41]INFO:Val|Epoch40/50|Iter3120(51/78)| mem:7.55G| lr:1.00e-04| loss_qfl:0.3779| loss_bbox:0.3992| loss_dfl:0.2291| aux_loss_qfl:0.3640| aux_loss_bbox:0.3655| aux_loss_dfl:0.2179| 
INFO:NanoDet:Val|Epoch40/50|Iter3120(51/78)| mem:7.55G| lr:1.00e-04| loss_qfl:0.3779| loss_bbox:0.3992| loss_dfl:0.2291| aux_loss_qfl:0.3640| aux_loss_bbox:0.3655| aux_loss_dfl:0.2179| 
[NanoDet][01-24 23:59:30]INFO:
 Average Precision  (AP) @[ IoU=0.50:0.95 | area=   all | maxDets=100 ] = 0.328
 Average Precision  (AP) @[ IoU=0.50      | area=   all | maxDets=100 ] = 0.543
 Average Precision  (AP) @[ IoU=0.75      | area=   all | maxDets=100 ] = 0.338
 Average Precision  (AP) @[ IoU=0.50:0.95 | area= small | maxDets=100 ] = 0.019
 Average Precision  (AP) @[ IoU=0.50:0.95 | area=medium | maxDets=100 ] = 0.129
 Average Precision  (AP) @[ IoU=0.50:0.95 | area= large | maxDets=100 ] = 0.441
 Average Recall     (AR) @[ IoU=0.50:0.95 | area=   all | maxDets=  1 ] = 0.334
 Average Recall     (AR) @[ IoU=0.50:0.95 | area=   all | maxDets= 10 ] = 0.481
 Average Recall     (AR) @[ IoU=0.50:0.95 | area=   all | maxDets=100 ] = 0.513
 Average Recall     (AR) @[ IoU=0.50:0.95 | area= small | maxDets=100 ] = 0.075
 Average Recall     (AR) @[ IoU=0.50:0.95 | area=medium | maxDets=100 ] = 0.358
 Average Recall     (AR) @[ IoU=0.50:0.95 | area= large | maxDets=100 ] = 0.635

INFO:NanoDet:
 Average Precision  (AP) @[ IoU=0.50:0.95 | area=   all | maxDets=100 ] = 0.328
 Average Precision  (AP) @[ IoU=0.50      | area=   all | maxDets=100 ] = 0.543
 Average Precision  (AP) @[ IoU=0.75      | area=   all | maxDets=100 ] = 0.338
 Average Precision  (AP) @[ IoU=0.50:0.95 | area= small | maxDets=100 ] = 0.019
 Average Precision  (AP) @[ IoU=0.50:0.95 | area=medium | maxDets=100 ] = 0.129
 Average Precision  (AP) @[ IoU=0.50:0.95 | area= large | maxDets=100 ] = 0.441
 Average Recall     (AR) @[ IoU=0.50:0.95 | area=   all | maxDets=  1 ] = 0.334
 Average Recall     (AR) @[ IoU=0.50:0.95 | area=   all | maxDets= 10 ] = 0.481
 Average Recall     (AR) @[ IoU=0.50:0.95 | area=   all | maxDets=100 ] = 0.513
 Average Recall     (AR) @[ IoU=0.50:0.95 | area= small | maxDets=100 ] = 0.075
 Average Recall     (AR) @[ IoU=0.50:0.95 | area=medium | maxDets=100 ] = 0.358
 Average Recall     (AR) @[ IoU=0.50:0.95 | area= large | maxDets=100 ] = 0.635

[NanoDet][01-24 23:59:30]INFO:
| class       | AP50   | mAP   | class       | AP50   | mAP   |
|:------------|:-------|:------|:------------|:-------|:------|
| aeroplane   | 60.6   | 36.1  | bicycle     | 64.2   | 39.6  |
| bird        | 48.4   | 24.7  | boat        | 36.2   | 17.5  |
| bottle      | 16.1   | 7.1   | bus         | 63.8   | 47.8  |
| car         | 63.2   | 42.4  | cat         | 75.0   | 50.3  |
| chair       | 27.0   | 12.5  | cow         | 47.8   | 27.3  |
| diningtable | 54.7   | 34.7  | dog         | 69.9   | 42.6  |
| horse       | 71.7   | 43.6  | motorbike   | 64.4   | 39.4  |
| person      | 64.5   | 35.0  | pottedplant | 30.5   | 14.0  |
| sheep       | 48.0   | 28.4  | sofa        | 52.5   | 33.8  |
| train       | 73.4   | 47.0  | tvmonitor   | 55.2   | 33.1  |
INFO:NanoDet:
| class       | AP50   | mAP   | class       | AP50   | mAP   |
|:------------|:-------|:------|:------------|:-------|:------|
| aeroplane   | 60.6   | 36.1  | bicycle     | 64.2   | 39.6  |
| bird        | 48.4   | 24.7  | boat        | 36.2   | 17.5  |
| bottle      | 16.1   | 7.1   | bus         | 63.8   | 47.8  |
| car         | 63.2   | 42.4  | cat         | 75.0   | 50.3  |
| chair       | 27.0   | 12.5  | cow         | 47.8   | 27.3  |
| diningtable | 54.7   | 34.7  | dog         | 69.9   | 42.6  |
| horse       | 71.7   | 43.6  | motorbike   | 64.4   | 39.4  |
| person      | 64.5   | 35.0  | pottedplant | 30.5   | 14.0  |
| sheep       | 48.0   | 28.4  | sofa        | 52.5   | 33.8  |
| train       | 73.4   | 47.0  | tvmonitor   | 55.2   | 33.1  |
[NanoDet][01-24 23:59:31]INFO:Saving model to workspace/nanodet-plus-m_320_voc/model_best/nanodet_model_best.pth
INFO:NanoDet:Saving model to workspace/nanodet-plus-m_320_voc/model_best/nanodet_model_best.pth
[NanoDet][01-24 23:59:31]INFO:Val_metrics: {'mAP': 0.3284204669930305, 'AP_50': 0.5434944067145496, 'AP_75': 0.3381082252546052, 'AP_small': 0.018536085840656885, 'AP_m': 0.12927707517069745, 'AP_l': 0.4405958373637467}
INFO:NanoDet:Val_metrics: {'mAP': 0.3284204669930305, 'AP_50': 0.5434944067145496, 'AP_75': 0.3381082252546052, 'AP_small': 0.018536085840656885, 'AP_m': 0.12927707517069745, 'AP_l': 0.4405958373637467}
Loading and preparing results...
DONE (t=2.36s)
creating index...
index created!
Running per image evaluation...
Evaluate annotation type *bbox*
DONE (t=15.25s).
Accumulating evaluation results...
DONE (t=5.06s).
[NanoDet][01-24 23:59:55]INFO:Train|Epoch41/50|Iter3150(31/78)| mem:7.55G| lr:1.00e-04| loss_qfl:0.2697| loss_bbox:0.2818| loss_dfl:0.1774| aux_loss_qfl:0.2410| aux_loss_bbox:0.2502| aux_loss_dfl:0.1649| 
INFO:NanoDet:Train|Epoch41/50|Iter3150(31/78)| mem:7.55G| lr:1.00e-04| loss_qfl:0.2697| loss_bbox:0.2818| loss_dfl:0.1774| aux_loss_qfl:0.2410| aux_loss_bbox:0.2502| aux_loss_dfl:0.1649| 
[NanoDet][01-25 00:00:32]INFO:Train|Epoch42/50|Iter3200(3/78)| mem:7.55G| lr:1.00e-04| loss_qfl:0.2794| loss_bbox:0.3538| loss_dfl:0.1963| aux_loss_qfl:0.2514| aux_loss_bbox:0.3230| aux_loss_dfl:0.1870| 
INFO:NanoDet:Train|Epoch42/50|Iter3200(3/78)| mem:7.55G| lr:1.00e-04| loss_qfl:0.2794| loss_bbox:0.3538| loss_dfl:0.1963| aux_loss_qfl:0.2514| aux_loss_bbox:0.3230| aux_loss_dfl:0.1870| 
[NanoDet][01-25 00:01:07]INFO:Train|Epoch42/50|Iter3250(53/78)| mem:7.55G| lr:1.00e-04| loss_qfl:0.2789| loss_bbox:0.3288| loss_dfl:0.1947| aux_loss_qfl:0.2525| aux_loss_bbox:0.2908| aux_loss_dfl:0.1813| 
INFO:NanoDet:Train|Epoch42/50|Iter3250(53/78)| mem:7.55G| lr:1.00e-04| loss_qfl:0.2789| loss_bbox:0.3288| loss_dfl:0.1947| aux_loss_qfl:0.2525| aux_loss_bbox:0.2908| aux_loss_dfl:0.1813| 
[NanoDet][01-25 00:01:45]INFO:Train|Epoch43/50|Iter3300(25/78)| mem:7.55G| lr:1.00e-04| loss_qfl:0.2757| loss_bbox:0.3265| loss_dfl:0.1940| aux_loss_qfl:0.2516| aux_loss_bbox:0.2920| aux_loss_dfl:0.1843| 
INFO:NanoDet:Train|Epoch43/50|Iter3300(25/78)| mem:7.55G| lr:1.00e-04| loss_qfl:0.2757| loss_bbox:0.3265| loss_dfl:0.1940| aux_loss_qfl:0.2516| aux_loss_bbox:0.2920| aux_loss_dfl:0.1843| 
[NanoDet][01-25 00:02:20]INFO:Train|Epoch43/50|Iter3350(75/78)| mem:7.55G| lr:1.00e-04| loss_qfl:0.2708| loss_bbox:0.3539| loss_dfl:0.1947| aux_loss_qfl:0.2497| aux_loss_bbox:0.3231| aux_loss_dfl:0.1873| 
INFO:NanoDet:Train|Epoch43/50|Iter3350(75/78)| mem:7.55G| lr:1.00e-04| loss_qfl:0.2708| loss_bbox:0.3539| loss_dfl:0.1947| aux_loss_qfl:0.2497| aux_loss_bbox:0.3231| aux_loss_dfl:0.1873| 
[NanoDet][01-25 00:02:58]INFO:Train|Epoch44/50|Iter3400(47/78)| mem:7.55G| lr:1.00e-04| loss_qfl:0.3058| loss_bbox:0.3470| loss_dfl:0.1997| aux_loss_qfl:0.2672| aux_loss_bbox:0.3105| aux_loss_dfl:0.1884| 
INFO:NanoDet:Train|Epoch44/50|Iter3400(47/78)| mem:7.55G| lr:1.00e-04| loss_qfl:0.3058| loss_bbox:0.3470| loss_dfl:0.1997| aux_loss_qfl:0.2672| aux_loss_bbox:0.3105| aux_loss_dfl:0.1884| 
[NanoDet][01-25 00:03:34]INFO:Train|Epoch45/50|Iter3450(19/78)| mem:7.55G| lr:1.00e-04| loss_qfl:0.2760| loss_bbox:0.3431| loss_dfl:0.1928| aux_loss_qfl:0.2483| aux_loss_bbox:0.3079| aux_loss_dfl:0.1786| 
INFO:NanoDet:Train|Epoch45/50|Iter3450(19/78)| mem:7.55G| lr:1.00e-04| loss_qfl:0.2760| loss_bbox:0.3431| loss_dfl:0.1928| aux_loss_qfl:0.2483| aux_loss_bbox:0.3079| aux_loss_dfl:0.1786| 
[NanoDet][01-25 00:03:59]INFO:Train|Epoch45/50|Iter3500(69/78)| mem:7.55G| lr:1.00e-04| loss_qfl:0.2707| loss_bbox:0.3461| loss_dfl:0.1901| aux_loss_qfl:0.2470| aux_loss_bbox:0.2978| aux_loss_dfl:0.1746| 
INFO:NanoDet:Train|Epoch45/50|Iter3500(69/78)| mem:7.55G| lr:1.00e-04| loss_qfl:0.2707| loss_bbox:0.3461| loss_dfl:0.1901| aux_loss_qfl:0.2470| aux_loss_bbox:0.2978| aux_loss_dfl:0.1746| 
[NanoDet][01-25 00:04:26]INFO:Train|Epoch46/50|Iter3550(41/78)| mem:7.55G| lr:1.00e-05| loss_qfl:0.2811| loss_bbox:0.3520| loss_dfl:0.1977| aux_loss_qfl:0.2592| aux_loss_bbox:0.3108| aux_loss_dfl:0.1821| 
INFO:NanoDet:Train|Epoch46/50|Iter3550(41/78)| mem:7.55G| lr:1.00e-05| loss_qfl:0.2811| loss_bbox:0.3520| loss_dfl:0.1977| aux_loss_qfl:0.2592| aux_loss_bbox:0.3108| aux_loss_dfl:0.1821| 
[NanoDet][01-25 00:04:53]INFO:Train|Epoch47/50|Iter3600(13/78)| mem:7.55G| lr:1.00e-05| loss_qfl:0.2635| loss_bbox:0.3243| loss_dfl:0.1920| aux_loss_qfl:0.2279| aux_loss_bbox:0.2852| aux_loss_dfl:0.1795| 
INFO:NanoDet:Train|Epoch47/50|Iter3600(13/78)| mem:7.55G| lr:1.00e-05| loss_qfl:0.2635| loss_bbox:0.3243| loss_dfl:0.1920| aux_loss_qfl:0.2279| aux_loss_bbox:0.2852| aux_loss_dfl:0.1795| 
[NanoDet][01-25 00:05:18]INFO:Train|Epoch47/50|Iter3650(63/78)| mem:7.55G| lr:1.00e-05| loss_qfl:0.2902| loss_bbox:0.3250| loss_dfl:0.1928| aux_loss_qfl:0.2618| aux_loss_bbox:0.2944| aux_loss_dfl:0.1822| 
INFO:NanoDet:Train|Epoch47/50|Iter3650(63/78)| mem:7.55G| lr:1.00e-05| loss_qfl:0.2902| loss_bbox:0.3250| loss_dfl:0.1928| aux_loss_qfl:0.2618| aux_loss_bbox:0.2944| aux_loss_dfl:0.1822| 
[NanoDet][01-25 00:05:45]INFO:Train|Epoch48/50|Iter3700(35/78)| mem:7.55G| lr:1.00e-05| loss_qfl:0.2655| loss_bbox:0.3217| loss_dfl:0.1934| aux_loss_qfl:0.2347| aux_loss_bbox:0.2862| aux_loss_dfl:0.1847| 
INFO:NanoDet:Train|Epoch48/50|Iter3700(35/78)| mem:7.55G| lr:1.00e-05| loss_qfl:0.2655| loss_bbox:0.3217| loss_dfl:0.1934| aux_loss_qfl:0.2347| aux_loss_bbox:0.2862| aux_loss_dfl:0.1847| 
[NanoDet][01-25 00:06:12]INFO:Train|Epoch49/50|Iter3750(7/78)| mem:7.55G| lr:1.00e-05| loss_qfl:0.3107| loss_bbox:0.3267| loss_dfl:0.1942| aux_loss_qfl:0.2850| aux_loss_bbox:0.2863| aux_loss_dfl:0.1817| 
INFO:NanoDet:Train|Epoch49/50|Iter3750(7/78)| mem:7.55G| lr:1.00e-05| loss_qfl:0.3107| loss_bbox:0.3267| loss_dfl:0.1942| aux_loss_qfl:0.2850| aux_loss_bbox:0.2863| aux_loss_dfl:0.1817| 
[NanoDet][01-25 00:06:37]INFO:Train|Epoch49/50|Iter3800(57/78)| mem:7.55G| lr:1.00e-05| loss_qfl:0.2749| loss_bbox:0.3180| loss_dfl:0.1846| aux_loss_qfl:0.2402| aux_loss_bbox:0.2831| aux_loss_dfl:0.1731| 
INFO:NanoDet:Train|Epoch49/50|Iter3800(57/78)| mem:7.55G| lr:1.00e-05| loss_qfl:0.2749| loss_bbox:0.3180| loss_dfl:0.1846| aux_loss_qfl:0.2402| aux_loss_bbox:0.2831| aux_loss_dfl:0.1731| 
[NanoDet][01-25 00:07:04]INFO:Train|Epoch50/50|Iter3850(29/78)| mem:7.55G| lr:1.00e-05| loss_qfl:0.2906| loss_bbox:0.3276| loss_dfl:0.1963| aux_loss_qfl:0.2510| aux_loss_bbox:0.2949| aux_loss_dfl:0.1851| 
INFO:NanoDet:Train|Epoch50/50|Iter3850(29/78)| mem:7.55G| lr:1.00e-05| loss_qfl:0.2906| loss_bbox:0.3276| loss_dfl:0.1963| aux_loss_qfl:0.2510| aux_loss_bbox:0.2949| aux_loss_dfl:0.1851| 
[NanoDet][01-25 00:07:30]INFO:Val|Epoch50/50|Iter3900(1/78)| mem:7.55G| lr:1.00e-05| loss_qfl:0.3607| loss_bbox:0.3612| loss_dfl:0.2037| aux_loss_qfl:0.3556| aux_loss_bbox:0.3287| aux_loss_dfl:0.1957| 
INFO:NanoDet:Val|Epoch50/50|Iter3900(1/78)| mem:7.55G| lr:1.00e-05| loss_qfl:0.3607| loss_bbox:0.3612| loss_dfl:0.2037| aux_loss_qfl:0.3556| aux_loss_bbox:0.3287| aux_loss_dfl:0.1957| 
[NanoDet][01-25 00:07:44]INFO:Val|Epoch50/50|Iter3900(51/78)| mem:7.55G| lr:1.00e-05| loss_qfl:0.3858| loss_bbox:0.4030| loss_dfl:0.2337| aux_loss_qfl:0.3698| aux_loss_bbox:0.3664| aux_loss_dfl:0.2230| 
INFO:NanoDet:Val|Epoch50/50|Iter3900(51/78)| mem:7.55G| lr:1.00e-05| loss_qfl:0.3858| loss_bbox:0.4030| loss_dfl:0.2337| aux_loss_qfl:0.3698| aux_loss_bbox:0.3664| aux_loss_dfl:0.2230| 
[NanoDet][01-25 00:08:25]INFO:
 Average Precision  (AP) @[ IoU=0.50:0.95 | area=   all | maxDets=100 ] = 0.332
 Average Precision  (AP) @[ IoU=0.50      | area=   all | maxDets=100 ] = 0.547
 Average Precision  (AP) @[ IoU=0.75      | area=   all | maxDets=100 ] = 0.342
 Average Precision  (AP) @[ IoU=0.50:0.95 | area= small | maxDets=100 ] = 0.018
 Average Precision  (AP) @[ IoU=0.50:0.95 | area=medium | maxDets=100 ] = 0.133
 Average Precision  (AP) @[ IoU=0.50:0.95 | area= large | maxDets=100 ] = 0.443
 Average Recall     (AR) @[ IoU=0.50:0.95 | area=   all | maxDets=  1 ] = 0.336
 Average Recall     (AR) @[ IoU=0.50:0.95 | area=   all | maxDets= 10 ] = 0.484
 Average Recall     (AR) @[ IoU=0.50:0.95 | area=   all | maxDets=100 ] = 0.515
 Average Recall     (AR) @[ IoU=0.50:0.95 | area= small | maxDets=100 ] = 0.071
 Average Recall     (AR) @[ IoU=0.50:0.95 | area=medium | maxDets=100 ] = 0.361
 Average Recall     (AR) @[ IoU=0.50:0.95 | area= large | maxDets=100 ] = 0.638

INFO:NanoDet:
 Average Precision  (AP) @[ IoU=0.50:0.95 | area=   all | maxDets=100 ] = 0.332
 Average Precision  (AP) @[ IoU=0.50      | area=   all | maxDets=100 ] = 0.547
 Average Precision  (AP) @[ IoU=0.75      | area=   all | maxDets=100 ] = 0.342
 Average Precision  (AP) @[ IoU=0.50:0.95 | area= small | maxDets=100 ] = 0.018
 Average Precision  (AP) @[ IoU=0.50:0.95 | area=medium | maxDets=100 ] = 0.133
 Average Precision  (AP) @[ IoU=0.50:0.95 | area= large | maxDets=100 ] = 0.443
 Average Recall     (AR) @[ IoU=0.50:0.95 | area=   all | maxDets=  1 ] = 0.336
 Average Recall     (AR) @[ IoU=0.50:0.95 | area=   all | maxDets= 10 ] = 0.484
 Average Recall     (AR) @[ IoU=0.50:0.95 | area=   all | maxDets=100 ] = 0.515
 Average Recall     (AR) @[ IoU=0.50:0.95 | area= small | maxDets=100 ] = 0.071
 Average Recall     (AR) @[ IoU=0.50:0.95 | area=medium | maxDets=100 ] = 0.361
 Average Recall     (AR) @[ IoU=0.50:0.95 | area= large | maxDets=100 ] = 0.638

[NanoDet][01-25 00:08:25]INFO:
| class       | AP50   | mAP   | class       | AP50   | mAP   |
|:------------|:-------|:------|:------------|:-------|:------|
| aeroplane   | 61.9   | 36.8  | bicycle     | 64.7   | 40.4  |
| bird        | 49.3   | 25.5  | boat        | 36.8   | 17.7  |
| bottle      | 16.4   | 7.3   | bus         | 63.0   | 47.7  |
| car         | 63.2   | 42.7  | cat         | 75.4   | 49.8  |
| chair       | 27.7   | 12.6  | cow         | 49.6   | 28.5  |
| diningtable | 55.2   | 35.0  | dog         | 69.9   | 42.9  |
| horse       | 70.9   | 43.9  | motorbike   | 65.3   | 40.4  |
| person      | 64.2   | 35.0  | pottedplant | 30.7   | 14.2  |
| sheep       | 48.8   | 28.6  | sofa        | 53.8   | 34.7  |
| train       | 72.8   | 46.5  | tvmonitor   | 54.4   | 32.7  |
INFO:NanoDet:
| class       | AP50   | mAP   | class       | AP50   | mAP   |
|:------------|:-------|:------|:------------|:-------|:------|
| aeroplane   | 61.9   | 36.8  | bicycle     | 64.7   | 40.4  |
| bird        | 49.3   | 25.5  | boat        | 36.8   | 17.7  |
| bottle      | 16.4   | 7.3   | bus         | 63.0   | 47.7  |
| car         | 63.2   | 42.7  | cat         | 75.4   | 49.8  |
| chair       | 27.7   | 12.6  | cow         | 49.6   | 28.5  |
| diningtable | 55.2   | 35.0  | dog         | 69.9   | 42.9  |
| horse       | 70.9   | 43.9  | motorbike   | 65.3   | 40.4  |
| person      | 64.2   | 35.0  | pottedplant | 30.7   | 14.2  |
| sheep       | 48.8   | 28.6  | sofa        | 53.8   | 34.7  |
| train       | 72.8   | 46.5  | tvmonitor   | 54.4   | 32.7  |
[NanoDet][01-25 00:08:26]INFO:Saving model to workspace/nanodet-plus-m_320_voc/model_best/nanodet_model_best.pth
INFO:NanoDet:Saving model to workspace/nanodet-plus-m_320_voc/model_best/nanodet_model_best.pth
[NanoDet][01-25 00:08:26]INFO:Val_metrics: {'mAP': 0.3315058831963672, 'AP_50': 0.5470441681311757, 'AP_75': 0.3418356541629792, 'AP_small': 0.018179467654474684, 'AP_m': 0.13278027935590736, 'AP_l': 0.4431688600744126}
INFO:NanoDet:Val_metrics: {'mAP': 0.3315058831963672, 'AP_50': 0.5470441681311757, 'AP_75': 0.3418356541629792, 'AP_small': 0.018179467654474684, 'AP_m': 0.13278027935590736, 'AP_l': 0.4431688600744126}
`Trainer.fit` stopped: `max_epochs=50` reached.
Loading and preparing results...
DONE (t=2.17s)
creating index...
index created!
Running per image evaluation...
Evaluate annotation type *bbox*
DONE (t=15.32s).
Accumulating evaluation results...
DONE (t=4.98s).
